Archive member included to satisfy reference by file (symbol)

c:/program files (x86)/gnu arm embedded toolchain/10.2021.10/bin/../lib/gcc/arm-none-eabi/10.3.1/thumb/v6-m/nofp\libgcc.a(_thumb1_case_uqi.o)
                              ./I2C_KBS_LDROM/i2c_cmd.o (__gnu_thumb1_case_uqi)
c:/program files (x86)/gnu arm embedded toolchain/10.2021.10/bin/../lib/gcc/arm-none-eabi/10.3.1/thumb/v6-m/nofp\libgcc.a(_udivsi3.o)
                              ./Library/StdDriver/src/bpwm.o (__aeabi_uidiv)
c:/program files (x86)/gnu arm embedded toolchain/10.2021.10/bin/../lib/gcc/arm-none-eabi/10.3.1/thumb/v6-m/nofp\libgcc.a(_divsi3.o)
                              ./Library/Device/Nuvoton/NM1240/Source/system_NM1240.o (__aeabi_idiv)
c:/program files (x86)/gnu arm embedded toolchain/10.2021.10/bin/../lib/gcc/arm-none-eabi/10.3.1/thumb/v6-m/nofp\libgcc.a(_dvmd_tls.o)
                              c:/program files (x86)/gnu arm embedded toolchain/10.2021.10/bin/../lib/gcc/arm-none-eabi/10.3.1/thumb/v6-m/nofp\libgcc.a(_udivsi3.o) (__aeabi_idiv0)
c:/program files (x86)/gnu arm embedded toolchain/10.2021.10/bin/../lib/gcc/arm-none-eabi/10.3.1/thumb/v6-m/nofp\libgcc.a(_fixunsdfsi.o)
                              ./Library/StdDriver/src/timer.o (__aeabi_d2uiz)
c:/program files (x86)/gnu arm embedded toolchain/10.2021.10/bin/../lib/gcc/arm-none-eabi/10.3.1/thumb/v6-m/nofp\libgcc.a(divdf3.o)
                              ./Library/StdDriver/src/timer.o (__aeabi_ddiv)
c:/program files (x86)/gnu arm embedded toolchain/10.2021.10/bin/../lib/gcc/arm-none-eabi/10.3.1/thumb/v6-m/nofp\libgcc.a(muldf3.o)
                              ./Library/StdDriver/src/timer.o (__aeabi_dmul)
c:/program files (x86)/gnu arm embedded toolchain/10.2021.10/bin/../lib/gcc/arm-none-eabi/10.3.1/thumb/v6-m/nofp\libgcc.a(subdf3.o)
                              c:/program files (x86)/gnu arm embedded toolchain/10.2021.10/bin/../lib/gcc/arm-none-eabi/10.3.1/thumb/v6-m/nofp\libgcc.a(_fixunsdfsi.o) (__aeabi_dsub)
c:/program files (x86)/gnu arm embedded toolchain/10.2021.10/bin/../lib/gcc/arm-none-eabi/10.3.1/thumb/v6-m/nofp\libgcc.a(fixdfsi.o)
                              c:/program files (x86)/gnu arm embedded toolchain/10.2021.10/bin/../lib/gcc/arm-none-eabi/10.3.1/thumb/v6-m/nofp\libgcc.a(_fixunsdfsi.o) (__aeabi_d2iz)
c:/program files (x86)/gnu arm embedded toolchain/10.2021.10/bin/../lib/gcc/arm-none-eabi/10.3.1/thumb/v6-m/nofp\libgcc.a(floatunsidf.o)
                              ./Library/StdDriver/src/timer.o (__aeabi_ui2d)
c:/program files (x86)/gnu arm embedded toolchain/10.2021.10/bin/../lib/gcc/arm-none-eabi/10.3.1/thumb/v6-m/nofp\libgcc.a(_arm_cmpdf2.o)
                              c:/program files (x86)/gnu arm embedded toolchain/10.2021.10/bin/../lib/gcc/arm-none-eabi/10.3.1/thumb/v6-m/nofp\libgcc.a(_fixunsdfsi.o) (__aeabi_dcmpge)
c:/program files (x86)/gnu arm embedded toolchain/10.2021.10/bin/../lib/gcc/arm-none-eabi/10.3.1/thumb/v6-m/nofp\libgcc.a(_clzsi2.o)
                              c:/program files (x86)/gnu arm embedded toolchain/10.2021.10/bin/../lib/gcc/arm-none-eabi/10.3.1/thumb/v6-m/nofp\libgcc.a(divdf3.o) (__clzsi2)
c:/program files (x86)/gnu arm embedded toolchain/10.2021.10/bin/../lib/gcc/arm-none-eabi/10.3.1/thumb/v6-m/nofp\libgcc.a(eqdf2.o)
                              c:/program files (x86)/gnu arm embedded toolchain/10.2021.10/bin/../lib/gcc/arm-none-eabi/10.3.1/thumb/v6-m/nofp\libgcc.a(_arm_cmpdf2.o) (__eqdf2)
c:/program files (x86)/gnu arm embedded toolchain/10.2021.10/bin/../lib/gcc/arm-none-eabi/10.3.1/thumb/v6-m/nofp\libgcc.a(gedf2.o)
                              c:/program files (x86)/gnu arm embedded toolchain/10.2021.10/bin/../lib/gcc/arm-none-eabi/10.3.1/thumb/v6-m/nofp\libgcc.a(_arm_cmpdf2.o) (__gedf2)
c:/program files (x86)/gnu arm embedded toolchain/10.2021.10/bin/../lib/gcc/arm-none-eabi/10.3.1/thumb/v6-m/nofp\libgcc.a(ledf2.o)
                              c:/program files (x86)/gnu arm embedded toolchain/10.2021.10/bin/../lib/gcc/arm-none-eabi/10.3.1/thumb/v6-m/nofp\libgcc.a(_arm_cmpdf2.o) (__ledf2)
c:/program files (x86)/gnu arm embedded toolchain/10.2021.10/bin/../lib/gcc/arm-none-eabi/10.3.1/../../../../arm-none-eabi/lib/thumb/v6-m/nofp\libc.a(lib_a-errno.o)
                              ./Library/Device/Nuvoton/NM1240/Source/GCC/_syscalls.o (__errno)
c:/program files (x86)/gnu arm embedded toolchain/10.2021.10/bin/../lib/gcc/arm-none-eabi/10.3.1/../../../../arm-none-eabi/lib/thumb/v6-m/nofp\libc.a(lib_a-impure.o)
                              c:/program files (x86)/gnu arm embedded toolchain/10.2021.10/bin/../lib/gcc/arm-none-eabi/10.3.1/../../../../arm-none-eabi/lib/thumb/v6-m/nofp\libc.a(lib_a-errno.o) (_impure_ptr)
c:/program files (x86)/gnu arm embedded toolchain/10.2021.10/bin/../lib/gcc/arm-none-eabi/10.3.1/../../../../arm-none-eabi/lib/thumb/v6-m/nofp\libc.a(lib_a-memcpy-stub.o)
                              ./Library/StdDriver/src/bpwm.o (memcpy)

Discarded input sections

 .text          0x00000000        0x0 ./Library/StdDriver/src/acmp.o
 .data          0x00000000        0x0 ./Library/StdDriver/src/acmp.o
 .bss           0x00000000        0x0 ./Library/StdDriver/src/acmp.o
 .text.ACMP_Open
                0x00000000       0x1c ./Library/StdDriver/src/acmp.o
 .text.ACMP_Close
                0x00000000        0xe ./Library/StdDriver/src/acmp.o
 .debug_info    0x00000000      0x1bf ./Library/StdDriver/src/acmp.o
 .debug_abbrev  0x00000000       0xfd ./Library/StdDriver/src/acmp.o
 .debug_loc     0x00000000       0xb9 ./Library/StdDriver/src/acmp.o
 .debug_aranges
                0x00000000       0x28 ./Library/StdDriver/src/acmp.o
 .debug_ranges  0x00000000       0x18 ./Library/StdDriver/src/acmp.o
 .debug_line    0x00000000      0x1d9 ./Library/StdDriver/src/acmp.o
 .debug_str     0x00000000      0x232 ./Library/StdDriver/src/acmp.o
 .comment       0x00000000       0x4a ./Library/StdDriver/src/acmp.o
 .debug_frame   0x00000000       0x38 ./Library/StdDriver/src/acmp.o
 .ARM.attributes
                0x00000000       0x2c ./Library/StdDriver/src/acmp.o
 .text          0x00000000        0x0 ./Library/StdDriver/src/adc.o
 .data          0x00000000        0x0 ./Library/StdDriver/src/adc.o
 .bss           0x00000000        0x0 ./Library/StdDriver/src/adc.o
 .text.ADC_Open
                0x00000000        0xa ./Library/StdDriver/src/adc.o
 .text.ADC_Close
                0x00000000       0x1c ./Library/StdDriver/src/adc.o
 .text.ADC_ConfigChannel
                0x00000000       0x5c ./Library/StdDriver/src/adc.o
 .text.ADC_ADC0ConfigChannel
                0x00000000       0x30 ./Library/StdDriver/src/adc.o
 .text.ADC_ADC1ConfigChannel
                0x00000000       0x40 ./Library/StdDriver/src/adc.o
 .text.ADC_SetTriggerDelayTime
                0x00000000       0x2c ./Library/StdDriver/src/adc.o
 .text.ADC_SetSampleCnt
                0x00000000        0xe ./Library/StdDriver/src/adc.o
 .text.ADC_Get_Data_Valid_Flag
                0x00000000        0xa ./Library/StdDriver/src/adc.o
 .text.ADC_GET_INT_FLAG
                0x00000000        0xa ./Library/StdDriver/src/adc.o
 .debug_info    0x00000000      0x64c ./Library/StdDriver/src/adc.o
 .debug_abbrev  0x00000000      0x1de ./Library/StdDriver/src/adc.o
 .debug_loc     0x00000000      0x42f ./Library/StdDriver/src/adc.o
 .debug_aranges
                0x00000000       0x60 ./Library/StdDriver/src/adc.o
 .debug_ranges  0x00000000       0x50 ./Library/StdDriver/src/adc.o
 .debug_line    0x00000000      0x46b ./Library/StdDriver/src/adc.o
 .debug_str     0x00000000      0x496 ./Library/StdDriver/src/adc.o
 .comment       0x00000000       0x4a ./Library/StdDriver/src/adc.o
 .debug_frame   0x00000000       0xb0 ./Library/StdDriver/src/adc.o
 .ARM.attributes
                0x00000000       0x2c ./Library/StdDriver/src/adc.o
 .text          0x00000000        0x0 ./Library/StdDriver/src/bpwm.o
 .data          0x00000000        0x0 ./Library/StdDriver/src/bpwm.o
 .bss           0x00000000        0x0 ./Library/StdDriver/src/bpwm.o
 .text.BPWM_ConfigOutputChannel
                0x00000000      0x11c ./Library/StdDriver/src/bpwm.o
 .text.BPWM_Start
                0x00000000       0x16 ./Library/StdDriver/src/bpwm.o
 .text.BPWM_Stop
                0x00000000       0x12 ./Library/StdDriver/src/bpwm.o
 .text.BPWM_ForceStop
                0x00000000       0x16 ./Library/StdDriver/src/bpwm.o
 .text.BPWM_EnableFaultBrake
                0x00000000        0xc ./Library/StdDriver/src/bpwm.o
 .text.BPWM_EnableDeadZone
                0x00000000       0x24 ./Library/StdDriver/src/bpwm.o
 .text.BPWM_DisableDeadZone
                0x00000000        0xe ./Library/StdDriver/src/bpwm.o
 .text.BPWM_EnableDutyInt
                0x00000000        0xe ./Library/StdDriver/src/bpwm.o
 .text.BPWM_DisableDutyInt
                0x00000000        0xe ./Library/StdDriver/src/bpwm.o
 .text.BPWM_ClearDutyIntFlag
                0x00000000        0xa ./Library/StdDriver/src/bpwm.o
 .text.BPWM_GetDutyIntFlag
                0x00000000       0x10 ./Library/StdDriver/src/bpwm.o
 .text.BPWM_EnablePeriodInt
                0x00000000       0x1e ./Library/StdDriver/src/bpwm.o
 .text.BPWM_DisablePeriodInt
                0x00000000        0xc ./Library/StdDriver/src/bpwm.o
 .text.BPWM_ClearPeriodIntFlag
                0x00000000        0x8 ./Library/StdDriver/src/bpwm.o
 .text.BPWM_GetPeriodIntFlag
                0x00000000        0xa ./Library/StdDriver/src/bpwm.o
 .rodata        0x00000000       0x44 ./Library/StdDriver/src/bpwm.o
 .debug_info    0x00000000      0x6bf ./Library/StdDriver/src/bpwm.o
 .debug_abbrev  0x00000000      0x201 ./Library/StdDriver/src/bpwm.o
 .debug_loc     0x00000000      0x4d1 ./Library/StdDriver/src/bpwm.o
 .debug_aranges
                0x00000000       0x90 ./Library/StdDriver/src/bpwm.o
 .debug_ranges  0x00000000       0x80 ./Library/StdDriver/src/bpwm.o
 .debug_line    0x00000000      0x62b ./Library/StdDriver/src/bpwm.o
 .debug_str     0x00000000      0x46d ./Library/StdDriver/src/bpwm.o
 .comment       0x00000000       0x4a ./Library/StdDriver/src/bpwm.o
 .debug_frame   0x00000000      0x128 ./Library/StdDriver/src/bpwm.o
 .ARM.attributes
                0x00000000       0x2c ./Library/StdDriver/src/bpwm.o
 .text          0x00000000        0x0 ./Library/StdDriver/src/clk.o
 .data          0x00000000        0x0 ./Library/StdDriver/src/clk.o
 .bss           0x00000000        0x0 ./Library/StdDriver/src/clk.o
 .text.CLK_DisableCKO
                0x00000000       0x10 ./Library/StdDriver/src/clk.o
 .text.CLK_EnableEXTCLK
                0x00000000       0x10 ./Library/StdDriver/src/clk.o
 .text.CLK_DisableEXTCLK
                0x00000000       0x10 ./Library/StdDriver/src/clk.o
 .text.CLK_EnableCKO
                0x00000000       0x30 ./Library/StdDriver/src/clk.o
 .text.CLK_PowerDown
                0x00000000       0x28 ./Library/StdDriver/src/clk.o
 .text.CLK_Idle
                0x00000000       0x14 ./Library/StdDriver/src/clk.o
 .text.CLK_GetEXTFreq
                0x00000000       0x20 ./Library/StdDriver/src/clk.o
 .text.CLK_GetHCLKFreq
                0x00000000       0x10 ./Library/StdDriver/src/clk.o
 .text.CLK_GetCPUFreq
                0x00000000       0x10 ./Library/StdDriver/src/clk.o
 .text.CLK_SetPCLK
                0x00000000        0x8 ./Library/StdDriver/src/clk.o
 .text.CLK_SetModuleClock
                0x00000000       0x5c ./Library/StdDriver/src/clk.o
 .text.CLK_DisableModuleClock
                0x00000000       0x1c ./Library/StdDriver/src/clk.o
 .text.CLK_SysTickDelay
                0x00000000       0x34 ./Library/StdDriver/src/clk.o
 .text.CLK_EnableSysTick
                0x00000000       0x44 ./Library/StdDriver/src/clk.o
 .text.CLK_DisableSysTick
                0x00000000        0xc ./Library/StdDriver/src/clk.o
 .text          0x00000000        0x0 ./Library/StdDriver/src/ecap.o
 .data          0x00000000        0x0 ./Library/StdDriver/src/ecap.o
 .bss           0x00000000        0x0 ./Library/StdDriver/src/ecap.o
 .text.ECAP_Open
                0x00000000       0x1c ./Library/StdDriver/src/ecap.o
 .text.ECAP_Close
                0x00000000       0x10 ./Library/StdDriver/src/ecap.o
 .text.ECAP_EnableINT
                0x00000000       0x14 ./Library/StdDriver/src/ecap.o
 .text.ECAP_DisableINT
                0x00000000       0x14 ./Library/StdDriver/src/ecap.o
 .debug_info    0x00000000      0x45c ./Library/StdDriver/src/ecap.o
 .debug_abbrev  0x00000000      0x18e ./Library/StdDriver/src/ecap.o
 .debug_loc     0x00000000       0x51 ./Library/StdDriver/src/ecap.o
 .debug_aranges
                0x00000000       0x38 ./Library/StdDriver/src/ecap.o
 .debug_ranges  0x00000000       0x68 ./Library/StdDriver/src/ecap.o
 .debug_line    0x00000000      0x2ed ./Library/StdDriver/src/ecap.o
 .debug_str     0x00000000      0x3f0 ./Library/StdDriver/src/ecap.o
 .comment       0x00000000       0x4a ./Library/StdDriver/src/ecap.o
 .debug_frame   0x00000000       0x50 ./Library/StdDriver/src/ecap.o
 .ARM.attributes
                0x00000000       0x2c ./Library/StdDriver/src/ecap.o
 .text          0x00000000        0x0 ./Library/StdDriver/src/epwm.o
 .data          0x00000000        0x0 ./Library/StdDriver/src/epwm.o
 .bss           0x00000000        0x0 ./Library/StdDriver/src/epwm.o
 .text.EPWM_ConfigOutputChannel
                0x00000000       0x98 ./Library/StdDriver/src/epwm.o
 .text.EPWM_Start
                0x00000000        0xc ./Library/StdDriver/src/epwm.o
 .text.EPWM_Stop
                0x00000000        0x6 ./Library/StdDriver/src/epwm.o
 .text.EPWM_ForceStop
                0x00000000        0xc ./Library/StdDriver/src/epwm.o
 .text.EPWM_EnableFaultBrake
                0x00000000       0x10 ./Library/StdDriver/src/epwm.o
 .text.EPWM_EnableOutput
                0x00000000       0x30 ./Library/StdDriver/src/epwm.o
 .text.EPWM_DisableOutput
                0x00000000       0x2c ./Library/StdDriver/src/epwm.o
 .text.EPWM_EnableDeadZone
                0x00000000       0x26 ./Library/StdDriver/src/epwm.o
 .text.EPWM_DisableDeadZone
                0x00000000       0x10 ./Library/StdDriver/src/epwm.o
 .text.EPWM_EnableDutyInt
                0x00000000        0xa ./Library/StdDriver/src/epwm.o
 .text.EPWM_DisableDutyInt
                0x00000000       0x10 ./Library/StdDriver/src/epwm.o
 .text.EPWM_ClearDutyIntFlag
                0x00000000        0xc ./Library/StdDriver/src/epwm.o
 .text.EPWM_GetDutyIntFlag
                0x00000000       0x14 ./Library/StdDriver/src/epwm.o
 .text.EPWM_EnableFaultBrakeInt
                0x00000000        0x8 ./Library/StdDriver/src/epwm.o
 .text.EPWM_DisableFaultBrakeInt
                0x00000000        0x8 ./Library/StdDriver/src/epwm.o
 .text.EPWM_ClearFaultBrakeIntFlag
                0x00000000        0x4 ./Library/StdDriver/src/epwm.o
 .text.EPWM_GetFaultBrakeIntFlag
                0x00000000        0xa ./Library/StdDriver/src/epwm.o
 .text.EPWM_EnablePeriodInt
                0x00000000        0xa ./Library/StdDriver/src/epwm.o
 .text.EPWM_DisablePeriodInt
                0x00000000        0xa ./Library/StdDriver/src/epwm.o
 .text.EPWM_ClearPeriodIntFlag
                0x00000000        0x6 ./Library/StdDriver/src/epwm.o
 .text.EPWM_GetPeriodIntFlag
                0x00000000        0x8 ./Library/StdDriver/src/epwm.o
 .text.EPWM_EnableZeroInt
                0x00000000        0xc ./Library/StdDriver/src/epwm.o
 .text.EPWM_DisableZeroInt
                0x00000000       0x10 ./Library/StdDriver/src/epwm.o
 .text.EPWM_ClearZeroIntFlag
                0x00000000        0x8 ./Library/StdDriver/src/epwm.o
 .text.EPWM_GetZeroIntFlag
                0x00000000        0x8 ./Library/StdDriver/src/epwm.o
 .debug_info    0x00000000      0x9b6 ./Library/StdDriver/src/epwm.o
 .debug_abbrev  0x00000000      0x1c4 ./Library/StdDriver/src/epwm.o
 .debug_loc     0x00000000      0x4a8 ./Library/StdDriver/src/epwm.o
 .debug_aranges
                0x00000000       0xe0 ./Library/StdDriver/src/epwm.o
 .debug_ranges  0x00000000       0xd0 ./Library/StdDriver/src/epwm.o
 .debug_line    0x00000000      0x6b2 ./Library/StdDriver/src/epwm.o
 .debug_str     0x00000000      0x558 ./Library/StdDriver/src/epwm.o
 .comment       0x00000000       0x4a ./Library/StdDriver/src/epwm.o
 .debug_frame   0x00000000      0x1dc ./Library/StdDriver/src/epwm.o
 .ARM.attributes
                0x00000000       0x2c ./Library/StdDriver/src/epwm.o
 .text          0x00000000        0x0 ./Library/StdDriver/src/fmc.o
 .data          0x00000000        0x0 ./Library/StdDriver/src/fmc.o
 .bss           0x00000000        0x0 ./Library/StdDriver/src/fmc.o
 .text.FMC_Erase
                0x00000000       0x30 ./Library/StdDriver/src/fmc.o
 .text.FMC_Erase_SPROM
                0x00000000       0x38 ./Library/StdDriver/src/fmc.o
 .text.FMC_GetBootSource
                0x00000000       0x10 ./Library/StdDriver/src/fmc.o
 .text.FMC_ReadPID
                0x00000000       0x1c ./Library/StdDriver/src/fmc.o
 .text.FMC_ReadUCID
                0x00000000       0x20 ./Library/StdDriver/src/fmc.o
 .text.FMC_ReadUID
                0x00000000       0x1c ./Library/StdDriver/src/fmc.o
 .text.FMC_ReadDataFlashBaseAddr
                0x00000000        0xc ./Library/StdDriver/src/fmc.o
 .text.FMC_Write
                0x00000000       0x1c ./Library/StdDriver/src/fmc.o
 .text.FMC_ReadConfig
                0x00000000       0x28 ./Library/StdDriver/src/fmc.o
 .text.FMC_WriteConfig
                0x00000000       0x44 ./Library/StdDriver/src/fmc.o
 .text          0x00000000        0x0 ./Library/StdDriver/src/gdma.o
 .data          0x00000000        0x0 ./Library/StdDriver/src/gdma.o
 .bss           0x00000000        0x0 ./Library/StdDriver/src/gdma.o
 .text.GDMA_OPEN
                0x00000000       0x54 ./Library/StdDriver/src/gdma.o
 .debug_info    0x00000000      0x2ab ./Library/StdDriver/src/gdma.o
 .debug_abbrev  0x00000000       0xe3 ./Library/StdDriver/src/gdma.o
 .debug_loc     0x00000000       0xcc ./Library/StdDriver/src/gdma.o
 .debug_aranges
                0x00000000       0x20 ./Library/StdDriver/src/gdma.o
 .debug_ranges  0x00000000       0x10 ./Library/StdDriver/src/gdma.o
 .debug_line    0x00000000      0x206 ./Library/StdDriver/src/gdma.o
 .debug_str     0x00000000      0x293 ./Library/StdDriver/src/gdma.o
 .comment       0x00000000       0x4a ./Library/StdDriver/src/gdma.o
 .debug_frame   0x00000000       0x2c ./Library/StdDriver/src/gdma.o
 .ARM.attributes
                0x00000000       0x2c ./Library/StdDriver/src/gdma.o
 .text          0x00000000        0x0 ./Library/StdDriver/src/gpio.o
 .data          0x00000000        0x0 ./Library/StdDriver/src/gpio.o
 .bss           0x00000000        0x0 ./Library/StdDriver/src/gpio.o
 .text.GPIO_SetMode
                0x00000000       0x2c ./Library/StdDriver/src/gpio.o
 .text.GPIO_EnableInt
                0x00000000       0x44 ./Library/StdDriver/src/gpio.o
 .text.GPIO_DisableInt
                0x00000000       0x20 ./Library/StdDriver/src/gpio.o
 .rodata.s_pu32INTEN
                0x00000000       0x18 ./Library/StdDriver/src/gpio.o
 .rodata.s_pu32INTTYPE
                0x00000000       0x18 ./Library/StdDriver/src/gpio.o
 .debug_info    0x00000000      0x2d6 ./Library/StdDriver/src/gpio.o
 .debug_abbrev  0x00000000      0x156 ./Library/StdDriver/src/gpio.o
 .debug_loc     0x00000000      0x12f ./Library/StdDriver/src/gpio.o
 .debug_aranges
                0x00000000       0x30 ./Library/StdDriver/src/gpio.o
 .debug_ranges  0x00000000       0x20 ./Library/StdDriver/src/gpio.o
 .debug_line    0x00000000      0x2a8 ./Library/StdDriver/src/gpio.o
 .debug_str     0x00000000      0x2a6 ./Library/StdDriver/src/gpio.o
 .comment       0x00000000       0x4a ./Library/StdDriver/src/gpio.o
 .debug_frame   0x00000000       0x60 ./Library/StdDriver/src/gpio.o
 .ARM.attributes
                0x00000000       0x2c ./Library/StdDriver/src/gpio.o
 .text          0x00000000        0x0 ./Library/StdDriver/src/op.o
 .data          0x00000000        0x0 ./Library/StdDriver/src/op.o
 .bss           0x00000000        0x0 ./Library/StdDriver/src/op.o
 .debug_info    0x00000000       0x64 ./Library/StdDriver/src/op.o
 .debug_abbrev  0x00000000       0x26 ./Library/StdDriver/src/op.o
 .debug_aranges
                0x00000000       0x18 ./Library/StdDriver/src/op.o
 .debug_line    0x00000000       0x1d ./Library/StdDriver/src/op.o
 .debug_str     0x00000000      0x1aa ./Library/StdDriver/src/op.o
 .comment       0x00000000       0x4a ./Library/StdDriver/src/op.o
 .ARM.attributes
                0x00000000       0x2c ./Library/StdDriver/src/op.o
 .text          0x00000000        0x0 ./Library/StdDriver/src/retarget.o
 .data          0x00000000        0x0 ./Library/StdDriver/src/retarget.o
 .bss           0x00000000        0x0 ./Library/StdDriver/src/retarget.o
 .text.stackDump
                0x00000000        0x2 ./Library/StdDriver/src/retarget.o
 .text.SendChar_ToUART
                0x00000000       0x24 ./Library/StdDriver/src/retarget.o
 .text.SendChar
                0x00000000        0x8 ./Library/StdDriver/src/retarget.o
 .text.GetChar  0x00000000       0x14 ./Library/StdDriver/src/retarget.o
 .text.kbhit    0x00000000       0x10 ./Library/StdDriver/src/retarget.o
 .text.IsDebugFifoEmpty
                0x00000000       0x10 ./Library/StdDriver/src/retarget.o
 .text._ttywrch
                0x00000000        0x8 ./Library/StdDriver/src/retarget.o
 .text.fputc    0x00000000        0xc ./Library/StdDriver/src/retarget.o
 .text._write   0x00000000       0x38 ./Library/StdDriver/src/retarget.o
 .text._read    0x00000000       0x18 ./Library/StdDriver/src/retarget.o
 .bss.__stdin   0x00000000       0x68 ./Library/StdDriver/src/retarget.o
 .bss.__stdout  0x00000000       0x68 ./Library/StdDriver/src/retarget.o
 .text          0x00000000        0x0 ./Library/StdDriver/src/sys.o
 .data          0x00000000        0x0 ./Library/StdDriver/src/sys.o
 .bss           0x00000000        0x0 ./Library/StdDriver/src/sys.o
 .text.SYS_ClearResetSrc
                0x00000000        0xc ./Library/StdDriver/src/sys.o
 .text.SYS_GetBODStatus
                0x00000000        0xc ./Library/StdDriver/src/sys.o
 .text.SYS_GetResetSrc
                0x00000000        0x8 ./Library/StdDriver/src/sys.o
 .text.SYS_IsRegLocked
                0x00000000       0x10 ./Library/StdDriver/src/sys.o
 .text.SYS_ResetChip
                0x00000000        0xe ./Library/StdDriver/src/sys.o
 .text.SYS_ResetCPU
                0x00000000        0xe ./Library/StdDriver/src/sys.o
 .text.SYS_ResetGDMA
                0x00000000        0xe ./Library/StdDriver/src/sys.o
 .text.SYS_EnableBOD
                0x00000000       0x18 ./Library/StdDriver/src/sys.o
 .text.SYS_DisableBOD
                0x00000000        0xe ./Library/StdDriver/src/sys.o
 .text          0x00000000        0x0 ./Library/StdDriver/src/timer.o
 .data          0x00000000        0x0 ./Library/StdDriver/src/timer.o
 .bss           0x00000000        0x0 ./Library/StdDriver/src/timer.o
 .text.TIMER_Close
                0x00000000        0x8 ./Library/StdDriver/src/timer.o
 .text.TIMER_EnableCapture
                0x00000000       0x14 ./Library/StdDriver/src/timer.o
 .text.TIMER_DisableCapture
                0x00000000        0xa ./Library/StdDriver/src/timer.o
 .text.TIMER_EnableEventCounter
                0x00000000       0x16 ./Library/StdDriver/src/timer.o
 .text.TIMER_DisableEventCounter
                0x00000000       0x10 ./Library/StdDriver/src/timer.o
 .text.TIMER_GetModuleClock
                0x00000000       0x70 ./Library/StdDriver/src/timer.o
 .text.TIMER_Open
                0x00000000       0x62 ./Library/StdDriver/src/timer.o
 .text.TIMER_Delay
                0x00000000       0xc8 ./Library/StdDriver/src/timer.o
 .debug_info    0x00000000      0x586 ./Library/StdDriver/src/timer.o
 .debug_abbrev  0x00000000      0x193 ./Library/StdDriver/src/timer.o
 .debug_loc     0x00000000      0x462 ./Library/StdDriver/src/timer.o
 .debug_aranges
                0x00000000       0x58 ./Library/StdDriver/src/timer.o
 .debug_ranges  0x00000000       0x48 ./Library/StdDriver/src/timer.o
 .debug_line    0x00000000      0x5b6 ./Library/StdDriver/src/timer.o
 .debug_str     0x00000000      0x3ae ./Library/StdDriver/src/timer.o
 .comment       0x00000000       0x4a ./Library/StdDriver/src/timer.o
 .debug_frame   0x00000000       0xc4 ./Library/StdDriver/src/timer.o
 .ARM.attributes
                0x00000000       0x2c ./Library/StdDriver/src/timer.o
 .text          0x00000000        0x0 ./Library/StdDriver/src/usci_i2c.o
 .data          0x00000000        0x0 ./Library/StdDriver/src/usci_i2c.o
 .bss           0x00000000        0x0 ./Library/StdDriver/src/usci_i2c.o
 .text.UI2C_Open
                0x00000000       0x74 ./Library/StdDriver/src/usci_i2c.o
 .text.UI2C_Close
                0x00000000        0xa ./Library/StdDriver/src/usci_i2c.o
 .text.UI2C_ClearTimeoutFlag
                0x00000000        0x6 ./Library/StdDriver/src/usci_i2c.o
 .text.UI2C_Trigger
                0x00000000       0x30 ./Library/StdDriver/src/usci_i2c.o
 .text.UI2C_DisableInt
                0x00000000       0x56 ./Library/StdDriver/src/usci_i2c.o
 .text.UI2C_EnableInt
                0x00000000       0x56 ./Library/StdDriver/src/usci_i2c.o
 .text.UI2C_GetBusClockFreq
                0x00000000       0x16 ./Library/StdDriver/src/usci_i2c.o
 .text.UI2C_SetBusClockFreq
                0x00000000       0x40 ./Library/StdDriver/src/usci_i2c.o
 .text.UI2C_GetIntFlag
                0x00000000       0x6a ./Library/StdDriver/src/usci_i2c.o
 .text.UI2C_ClearIntFlag
                0x00000000       0x46 ./Library/StdDriver/src/usci_i2c.o
 .text.UI2C_GetData
                0x00000000        0x4 ./Library/StdDriver/src/usci_i2c.o
 .text.UI2C_SetData
                0x00000000        0x4 ./Library/StdDriver/src/usci_i2c.o
 .text.UI2C_SetSlaveAddr
                0x00000000        0xe ./Library/StdDriver/src/usci_i2c.o
 .text.UI2C_SetSlaveAddrMask
                0x00000000        0x4 ./Library/StdDriver/src/usci_i2c.o
 .text.UI2C_EnableTimeout
                0x00000000       0x20 ./Library/StdDriver/src/usci_i2c.o
 .text.UI2C_DisableTimeout
                0x00000000       0x18 ./Library/StdDriver/src/usci_i2c.o
 .text.UI2C_EnableWakeup
                0x00000000       0x10 ./Library/StdDriver/src/usci_i2c.o
 .text.UI2C_DisableWakeup
                0x00000000        0xa ./Library/StdDriver/src/usci_i2c.o
 .debug_info    0x00000000      0x78b ./Library/StdDriver/src/usci_i2c.o
 .debug_abbrev  0x00000000      0x1b3 ./Library/StdDriver/src/usci_i2c.o
 .debug_loc     0x00000000      0x376 ./Library/StdDriver/src/usci_i2c.o
 .debug_aranges
                0x00000000       0xa8 ./Library/StdDriver/src/usci_i2c.o
 .debug_ranges  0x00000000       0x98 ./Library/StdDriver/src/usci_i2c.o
 .debug_line    0x00000000      0x7f7 ./Library/StdDriver/src/usci_i2c.o
 .debug_str     0x00000000      0x498 ./Library/StdDriver/src/usci_i2c.o
 .comment       0x00000000       0x4a ./Library/StdDriver/src/usci_i2c.o
 .debug_frame   0x00000000      0x16c ./Library/StdDriver/src/usci_i2c.o
 .ARM.attributes
                0x00000000       0x2c ./Library/StdDriver/src/usci_i2c.o
 .text          0x00000000        0x0 ./Library/StdDriver/src/usci_spi.o
 .data          0x00000000        0x0 ./Library/StdDriver/src/usci_spi.o
 .bss           0x00000000        0x0 ./Library/StdDriver/src/usci_spi.o
 .text.USPI_Open
                0x00000000       0xc0 ./Library/StdDriver/src/usci_spi.o
 .text.USPI_Close
                0x00000000        0xa ./Library/StdDriver/src/usci_spi.o
 .text.USPI_ClearRxBuf
                0x00000000        0xc ./Library/StdDriver/src/usci_spi.o
 .text.USPI_ClearTxBuf
                0x00000000        0xa ./Library/StdDriver/src/usci_spi.o
 .text.USPI_DisableAutoSS
                0x00000000        0xa ./Library/StdDriver/src/usci_spi.o
 .text.USPI_EnableAutoSS
                0x00000000       0x14 ./Library/StdDriver/src/usci_spi.o
 .text.USPI_SetBusClock
                0x00000000       0x40 ./Library/StdDriver/src/usci_spi.o
 .text.USPI_GetBusClock
                0x00000000       0x16 ./Library/StdDriver/src/usci_spi.o
 .text.USPI_EnableInt
                0x00000000       0x7c ./Library/StdDriver/src/usci_spi.o
 .text.USPI_DisableInt
                0x00000000       0x80 ./Library/StdDriver/src/usci_spi.o
 .text.USPI_GetIntFlag
                0x00000000       0x98 ./Library/StdDriver/src/usci_spi.o
 .text.USPI_ClearIntFlag
                0x00000000       0x58 ./Library/StdDriver/src/usci_spi.o
 .text.USPI_GetStatus
                0x00000000       0x5c ./Library/StdDriver/src/usci_spi.o
 .text.USPI_EnableWakeup
                0x00000000        0xa ./Library/StdDriver/src/usci_spi.o
 .text.USPI_DisableWakeup
                0x00000000        0xa ./Library/StdDriver/src/usci_spi.o
 .debug_info    0x00000000      0x659 ./Library/StdDriver/src/usci_spi.o
 .debug_abbrev  0x00000000      0x1b3 ./Library/StdDriver/src/usci_spi.o
 .debug_loc     0x00000000      0x305 ./Library/StdDriver/src/usci_spi.o
 .debug_aranges
                0x00000000       0x90 ./Library/StdDriver/src/usci_spi.o
 .debug_ranges  0x00000000       0x80 ./Library/StdDriver/src/usci_spi.o
 .debug_line    0x00000000      0x90a ./Library/StdDriver/src/usci_spi.o
 .debug_str     0x00000000      0x3ec ./Library/StdDriver/src/usci_spi.o
 .comment       0x00000000       0x4a ./Library/StdDriver/src/usci_spi.o
 .debug_frame   0x00000000      0x138 ./Library/StdDriver/src/usci_spi.o
 .ARM.attributes
                0x00000000       0x2c ./Library/StdDriver/src/usci_spi.o
 .text          0x00000000        0x0 ./Library/StdDriver/src/usci_uart.o
 .data          0x00000000        0x0 ./Library/StdDriver/src/usci_uart.o
 .bss           0x00000000        0x0 ./Library/StdDriver/src/usci_uart.o
 .text.UUART_ClearIntFlag
                0x00000000       0x46 ./Library/StdDriver/src/usci_uart.o
 .text.UUART_GetIntFlag
                0x00000000       0x7a ./Library/StdDriver/src/usci_uart.o
 .text.UUART_Close
                0x00000000        0x6 ./Library/StdDriver/src/usci_uart.o
 .text.UUART_DisableInt
                0x00000000       0x68 ./Library/StdDriver/src/usci_uart.o
 .text.UUART_EnableInt
                0x00000000       0x64 ./Library/StdDriver/src/usci_uart.o
 .text.UUART_Read
                0x00000000       0x2a ./Library/StdDriver/src/usci_uart.o
 .text.UUART_SetLine_Config
                0x00000000      0x14c ./Library/StdDriver/src/usci_uart.o
 .text.UUART_SelectLINMode
                0x00000000       0x14 ./Library/StdDriver/src/usci_uart.o
 .text.UUART_Write
                0x00000000       0x2c ./Library/StdDriver/src/usci_uart.o
 .text.UUART_EnableWakeup
                0x00000000       0x14 ./Library/StdDriver/src/usci_uart.o
 .text.UUART_DisableWakeup
                0x00000000       0x18 ./Library/StdDriver/src/usci_uart.o
 .text          0x00000000        0x0 ./Library/StdDriver/src/wdt.o
 .data          0x00000000        0x0 ./Library/StdDriver/src/wdt.o
 .bss           0x00000000        0x0 ./Library/StdDriver/src/wdt.o
 .text.WDT_Open
                0x00000000       0x18 ./Library/StdDriver/src/wdt.o
 .debug_info    0x00000000      0x106 ./Library/StdDriver/src/wdt.o
 .debug_abbrev  0x00000000       0xae ./Library/StdDriver/src/wdt.o
 .debug_loc     0x00000000       0x4a ./Library/StdDriver/src/wdt.o
 .debug_aranges
                0x00000000       0x20 ./Library/StdDriver/src/wdt.o
 .debug_ranges  0x00000000       0x10 ./Library/StdDriver/src/wdt.o
 .debug_line    0x00000000      0x1b8 ./Library/StdDriver/src/wdt.o
 .debug_str     0x00000000      0x20e ./Library/StdDriver/src/wdt.o
 .comment       0x00000000       0x4a ./Library/StdDriver/src/wdt.o
 .debug_frame   0x00000000       0x20 ./Library/StdDriver/src/wdt.o
 .ARM.attributes
                0x00000000       0x2c ./Library/StdDriver/src/wdt.o
 .text          0x00000000        0x0 ./Library/Device/Nuvoton/NM1240/Source/GCC/_syscalls.o
 .data          0x00000000        0x0 ./Library/Device/Nuvoton/NM1240/Source/GCC/_syscalls.o
 .bss           0x00000000        0x0 ./Library/Device/Nuvoton/NM1240/Source/GCC/_syscalls.o
 .text.__initialize_args
                0x00000000       0x10 ./Library/Device/Nuvoton/NM1240/Source/GCC/_syscalls.o
 .text.raise    0x00000000       0x10 ./Library/Device/Nuvoton/NM1240/Source/GCC/_syscalls.o
 .text.kill     0x00000000       0x10 ./Library/Device/Nuvoton/NM1240/Source/GCC/_syscalls.o
 .text._chown   0x00000000       0x10 ./Library/Device/Nuvoton/NM1240/Source/GCC/_syscalls.o
 .text._close   0x00000000       0x10 ./Library/Device/Nuvoton/NM1240/Source/GCC/_syscalls.o
 .text._execve  0x00000000       0x10 ./Library/Device/Nuvoton/NM1240/Source/GCC/_syscalls.o
 .text._fork    0x00000000       0x10 ./Library/Device/Nuvoton/NM1240/Source/GCC/_syscalls.o
 .text._fstat   0x00000000       0x10 ./Library/Device/Nuvoton/NM1240/Source/GCC/_syscalls.o
 .text._getpid  0x00000000        0x8 ./Library/Device/Nuvoton/NM1240/Source/GCC/_syscalls.o
 .text._gettimeofday
                0x00000000       0x10 ./Library/Device/Nuvoton/NM1240/Source/GCC/_syscalls.o
 .text._isatty  0x00000000        0xe ./Library/Device/Nuvoton/NM1240/Source/GCC/_syscalls.o
 .text._kill    0x00000000       0x10 ./Library/Device/Nuvoton/NM1240/Source/GCC/_syscalls.o
 .text._link    0x00000000       0x10 ./Library/Device/Nuvoton/NM1240/Source/GCC/_syscalls.o
 .text._lseek   0x00000000       0x10 ./Library/Device/Nuvoton/NM1240/Source/GCC/_syscalls.o
 .text._open    0x00000000       0x10 ./Library/Device/Nuvoton/NM1240/Source/GCC/_syscalls.o
 .text._read    0x00000000       0x10 ./Library/Device/Nuvoton/NM1240/Source/GCC/_syscalls.o
 .text._readlink
                0x00000000       0x10 ./Library/Device/Nuvoton/NM1240/Source/GCC/_syscalls.o
 .text._stat    0x00000000       0x10 ./Library/Device/Nuvoton/NM1240/Source/GCC/_syscalls.o
 .text._symlink
                0x00000000       0x10 ./Library/Device/Nuvoton/NM1240/Source/GCC/_syscalls.o
 .text._times   0x00000000       0x10 ./Library/Device/Nuvoton/NM1240/Source/GCC/_syscalls.o
 .text._unlink  0x00000000       0x10 ./Library/Device/Nuvoton/NM1240/Source/GCC/_syscalls.o
 .text._wait    0x00000000       0x10 ./Library/Device/Nuvoton/NM1240/Source/GCC/_syscalls.o
 .text._write   0x00000000       0x10 ./Library/Device/Nuvoton/NM1240/Source/GCC/_syscalls.o
 .bss.__dso_handle
                0x00000000        0x4 ./Library/Device/Nuvoton/NM1240/Source/GCC/_syscalls.o
 .bss.__env     0x00000000        0x4 ./Library/Device/Nuvoton/NM1240/Source/GCC/_syscalls.o
 .bss.errno     0x00000000        0x4 ./Library/Device/Nuvoton/NM1240/Source/GCC/_syscalls.o
 .bss.name.0    0x00000000        0x1 ./Library/Device/Nuvoton/NM1240/Source/GCC/_syscalls.o
 .data.argv.1   0x00000000        0x8 ./Library/Device/Nuvoton/NM1240/Source/GCC/_syscalls.o
 .data.environ  0x00000000        0x4 ./Library/Device/Nuvoton/NM1240/Source/GCC/_syscalls.o
 .debug_info    0x00000000      0xa12 ./Library/Device/Nuvoton/NM1240/Source/GCC/_syscalls.o
 .debug_abbrev  0x00000000      0x264 ./Library/Device/Nuvoton/NM1240/Source/GCC/_syscalls.o
 .debug_loc     0x00000000      0x47b ./Library/Device/Nuvoton/NM1240/Source/GCC/_syscalls.o
 .debug_aranges
                0x00000000       0xa0 ./Library/Device/Nuvoton/NM1240/Source/GCC/_syscalls.o
 .debug_ranges  0x00000000       0x90 ./Library/Device/Nuvoton/NM1240/Source/GCC/_syscalls.o
 .debug_line    0x00000000      0x548 ./Library/Device/Nuvoton/NM1240/Source/GCC/_syscalls.o
 .debug_str     0x00000000      0x4e9 ./Library/Device/Nuvoton/NM1240/Source/GCC/_syscalls.o
 .comment       0x00000000       0x4a ./Library/Device/Nuvoton/NM1240/Source/GCC/_syscalls.o
 .debug_frame   0x00000000      0x230 ./Library/Device/Nuvoton/NM1240/Source/GCC/_syscalls.o
 .ARM.attributes
                0x00000000       0x2c ./Library/Device/Nuvoton/NM1240/Source/GCC/_syscalls.o
 .data          0x00000000        0x0 ./Library/Device/Nuvoton/NM1240/Source/GCC/startup_NM1240.o
 .bss           0x00000000        0x0 ./Library/Device/Nuvoton/NM1240/Source/GCC/startup_NM1240.o
 .text          0x00000000        0x0 ./Library/Device/Nuvoton/NM1240/Source/system_NM1240.o
 .data          0x00000000        0x0 ./Library/Device/Nuvoton/NM1240/Source/system_NM1240.o
 .bss           0x00000000        0x0 ./Library/Device/Nuvoton/NM1240/Source/system_NM1240.o
 .text          0x00000000        0x0 ./I2C_KBS_LDROM/aprom_isp.o
 .data          0x00000000        0x0 ./I2C_KBS_LDROM/aprom_isp.o
 .bss           0x00000000        0x0 ./I2C_KBS_LDROM/aprom_isp.o
 .text.SYS_UnlockReg
                0x00000000       0x1c ./I2C_KBS_LDROM/aprom_isp.o
 .text.Enable_FMC_ISP_Function
                0x00000000        0xc ./I2C_KBS_LDROM/aprom_isp.o
 .text.Disable_FMC_ISP_Function
                0x00000000       0x14 ./I2C_KBS_LDROM/aprom_isp.o
 .text.Enable_APROM_ISP_Function
                0x00000000       0x1c ./I2C_KBS_LDROM/aprom_isp.o
 .text.Disable_APROM_ISP_Function
                0x00000000       0x20 ./I2C_KBS_LDROM/aprom_isp.o
 .rodata.FMC_APROM_Erase_Check.str1.1
                0x00000000       0x31 ./I2C_KBS_LDROM/aprom_isp.o
 .text.FMC_APROM_Erase_Check
                0x00000000       0x68 ./I2C_KBS_LDROM/aprom_isp.o
 .text.FMC_APROM_Erase
                0x00000000       0x5c ./I2C_KBS_LDROM/aprom_isp.o
 .rodata.FMC_APROM_Write.str1.1
                0x00000000       0x26 ./I2C_KBS_LDROM/aprom_isp.o
 .text.FMC_APROM_Write
                0x00000000       0xa4 ./I2C_KBS_LDROM/aprom_isp.o
 .text          0x00000000        0x0 ./I2C_KBS_LDROM/i2c_cmd.o
 .data          0x00000000        0x0 ./I2C_KBS_LDROM/i2c_cmd.o
 .bss           0x00000000        0x0 ./I2C_KBS_LDROM/i2c_cmd.o
 .text.T2B_I2C_Write_Hanelder
                0x00000000        0x2 ./I2C_KBS_LDROM/i2c_cmd.o
 .text.T2B_I2C_Read_Handler
                0x00000000        0x4 ./I2C_KBS_LDROM/i2c_cmd.o
 .text.T2B_I2C_Write_Read_Handler
                0x00000000       0x9c ./I2C_KBS_LDROM/i2c_cmd.o
 .text.t2b_send_kbs_int
                0x00000000       0x10 ./I2C_KBS_LDROM/i2c_cmd.o
 .text.T2B_I2C_Stop_Hanelder
                0x00000000       0x18 ./I2C_KBS_LDROM/i2c_cmd.o
 .text.T2B_I2C_Init
                0x00000000       0x38 ./I2C_KBS_LDROM/i2c_cmd.o
 .bss.send_kbs_int
                0x00000000        0x1 ./I2C_KBS_LDROM/i2c_cmd.o
 .debug_info    0x00000000      0x403 ./I2C_KBS_LDROM/i2c_cmd.o
 .debug_abbrev  0x00000000      0x183 ./I2C_KBS_LDROM/i2c_cmd.o
 .debug_loc     0x00000000      0x304 ./I2C_KBS_LDROM/i2c_cmd.o
 .debug_aranges
                0x00000000       0x48 ./I2C_KBS_LDROM/i2c_cmd.o
 .debug_ranges  0x00000000       0x38 ./I2C_KBS_LDROM/i2c_cmd.o
 .debug_line    0x00000000      0x283 ./I2C_KBS_LDROM/i2c_cmd.o
 .debug_str     0x00000000      0x47f ./I2C_KBS_LDROM/i2c_cmd.o
 .comment       0x00000000       0x4a ./I2C_KBS_LDROM/i2c_cmd.o
 .debug_frame   0x00000000       0x8c ./I2C_KBS_LDROM/i2c_cmd.o
 .ARM.attributes
                0x00000000       0x2c ./I2C_KBS_LDROM/i2c_cmd.o
 .text          0x00000000        0x0 ./I2C_KBS_LDROM/i2c_ctrl.o
 .data          0x00000000        0x0 ./I2C_KBS_LDROM/i2c_ctrl.o
 .bss           0x00000000        0x0 ./I2C_KBS_LDROM/i2c_ctrl.o
 .text.I2C_StopCallback_Config
                0x00000000        0xc ./I2C_KBS_LDROM/i2c_ctrl.o
 .text.I2C_WriteCallback_Config
                0x00000000        0xc ./I2C_KBS_LDROM/i2c_ctrl.o
 .text.I2C_WriteReadCallback_Config
                0x00000000        0xc ./I2C_KBS_LDROM/i2c_ctrl.o
 .text.I2C_ReadCallback_Config
                0x00000000        0xc ./I2C_KBS_LDROM/i2c_ctrl.o
 .text.I2c_module_init
                0x00000000       0xcc ./I2C_KBS_LDROM/i2c_ctrl.o
 .text.I2C_Error_Handler
                0x00000000        0x8 ./I2C_KBS_LDROM/i2c_ctrl.o
 .text.I2C_Timeout_Handler
                0x00000000        0x8 ./I2C_KBS_LDROM/i2c_ctrl.o
 .bss.I2C_Slave_Addr
                0x00000000        0x1 ./I2C_KBS_LDROM/i2c_ctrl.o
 .text          0x00000000        0x0 ./I2C_KBS_LDROM/main.o
 .data          0x00000000        0x0 ./I2C_KBS_LDROM/main.o
 .bss           0x00000000        0x0 ./I2C_KBS_LDROM/main.o
 .text.Timer_Module_Init
                0x00000000       0x44 ./I2C_KBS_LDROM/main.o
 .text          0x00000000        0x0 ./I2C_KBS_LDROM/prj_config.o
 .data          0x00000000        0x0 ./I2C_KBS_LDROM/prj_config.o
 .bss           0x00000000        0x0 ./I2C_KBS_LDROM/prj_config.o
 .text.SYS_SetPinFunct
                0x00000000       0x1c ./I2C_KBS_LDROM/prj_config.o
 .text.Gpio_SetPinMode
                0x00000000       0x24 ./I2C_KBS_LDROM/prj_config.o
 .text.kbs_gpio_init
                0x00000000       0x74 ./I2C_KBS_LDROM/prj_config.o
 .rodata.Coustom_Pin_Table
                0x00000000       0x20 ./I2C_KBS_LDROM/prj_config.o
 .rodata.KSI_Pin_Table
                0x00000000       0x10 ./I2C_KBS_LDROM/prj_config.o
 .rodata.KSO_Pin_Table
                0x00000000       0x18 ./I2C_KBS_LDROM/prj_config.o
 .rodata.LED_Pin_Table
                0x00000000       0x30 ./I2C_KBS_LDROM/prj_config.o
 .rodata.s_pSysMfp
                0x00000000       0x18 ./I2C_KBS_LDROM/prj_config.o
 .text          0x00000000        0x0 ./I2C_KBS_LDROM/uart_ctrl.o
 .data          0x00000000        0x0 ./I2C_KBS_LDROM/uart_ctrl.o
 .bss           0x00000000        0x0 ./I2C_KBS_LDROM/uart_ctrl.o
 .text.Usci_Uart_Tx_Handle
                0x00000000        0x2 ./I2C_KBS_LDROM/uart_ctrl.o
 .text.Ucsi_Uart_Irq_Enable
                0x00000000       0x30 ./I2C_KBS_LDROM/uart_ctrl.o
 .bss.g_u32comRhead
                0x00000000        0x4 ./I2C_KBS_LDROM/uart_ctrl.o
 .text          0x00000000       0x14 c:/program files (x86)/gnu arm embedded toolchain/10.2021.10/bin/../lib/gcc/arm-none-eabi/10.3.1/thumb/v6-m/nofp\libgcc.a(_thumb1_case_uqi.o)
 .data          0x00000000        0x0 c:/program files (x86)/gnu arm embedded toolchain/10.2021.10/bin/../lib/gcc/arm-none-eabi/10.3.1/thumb/v6-m/nofp\libgcc.a(_thumb1_case_uqi.o)
 .bss           0x00000000        0x0 c:/program files (x86)/gnu arm embedded toolchain/10.2021.10/bin/../lib/gcc/arm-none-eabi/10.3.1/thumb/v6-m/nofp\libgcc.a(_thumb1_case_uqi.o)
 .ARM.attributes
                0x00000000       0x1e c:/program files (x86)/gnu arm embedded toolchain/10.2021.10/bin/../lib/gcc/arm-none-eabi/10.3.1/thumb/v6-m/nofp\libgcc.a(_thumb1_case_uqi.o)
 .data          0x00000000        0x0 c:/program files (x86)/gnu arm embedded toolchain/10.2021.10/bin/../lib/gcc/arm-none-eabi/10.3.1/thumb/v6-m/nofp\libgcc.a(_udivsi3.o)
 .bss           0x00000000        0x0 c:/program files (x86)/gnu arm embedded toolchain/10.2021.10/bin/../lib/gcc/arm-none-eabi/10.3.1/thumb/v6-m/nofp\libgcc.a(_udivsi3.o)
 .text          0x00000000      0x1d4 c:/program files (x86)/gnu arm embedded toolchain/10.2021.10/bin/../lib/gcc/arm-none-eabi/10.3.1/thumb/v6-m/nofp\libgcc.a(_divsi3.o)
 .data          0x00000000        0x0 c:/program files (x86)/gnu arm embedded toolchain/10.2021.10/bin/../lib/gcc/arm-none-eabi/10.3.1/thumb/v6-m/nofp\libgcc.a(_divsi3.o)
 .bss           0x00000000        0x0 c:/program files (x86)/gnu arm embedded toolchain/10.2021.10/bin/../lib/gcc/arm-none-eabi/10.3.1/thumb/v6-m/nofp\libgcc.a(_divsi3.o)
 .debug_frame   0x00000000       0x20 c:/program files (x86)/gnu arm embedded toolchain/10.2021.10/bin/../lib/gcc/arm-none-eabi/10.3.1/thumb/v6-m/nofp\libgcc.a(_divsi3.o)
 .ARM.attributes
                0x00000000       0x1e c:/program files (x86)/gnu arm embedded toolchain/10.2021.10/bin/../lib/gcc/arm-none-eabi/10.3.1/thumb/v6-m/nofp\libgcc.a(_divsi3.o)
 .data          0x00000000        0x0 c:/program files (x86)/gnu arm embedded toolchain/10.2021.10/bin/../lib/gcc/arm-none-eabi/10.3.1/thumb/v6-m/nofp\libgcc.a(_dvmd_tls.o)
 .bss           0x00000000        0x0 c:/program files (x86)/gnu arm embedded toolchain/10.2021.10/bin/../lib/gcc/arm-none-eabi/10.3.1/thumb/v6-m/nofp\libgcc.a(_dvmd_tls.o)
 .text          0x00000000       0x3c c:/program files (x86)/gnu arm embedded toolchain/10.2021.10/bin/../lib/gcc/arm-none-eabi/10.3.1/thumb/v6-m/nofp\libgcc.a(_fixunsdfsi.o)
 .data          0x00000000        0x0 c:/program files (x86)/gnu arm embedded toolchain/10.2021.10/bin/../lib/gcc/arm-none-eabi/10.3.1/thumb/v6-m/nofp\libgcc.a(_fixunsdfsi.o)
 .bss           0x00000000        0x0 c:/program files (x86)/gnu arm embedded toolchain/10.2021.10/bin/../lib/gcc/arm-none-eabi/10.3.1/thumb/v6-m/nofp\libgcc.a(_fixunsdfsi.o)
 .debug_frame   0x00000000       0x2c c:/program files (x86)/gnu arm embedded toolchain/10.2021.10/bin/../lib/gcc/arm-none-eabi/10.3.1/thumb/v6-m/nofp\libgcc.a(_fixunsdfsi.o)
 .ARM.attributes
                0x00000000       0x2c c:/program files (x86)/gnu arm embedded toolchain/10.2021.10/bin/../lib/gcc/arm-none-eabi/10.3.1/thumb/v6-m/nofp\libgcc.a(_fixunsdfsi.o)
 .text          0x00000000      0x5ec c:/program files (x86)/gnu arm embedded toolchain/10.2021.10/bin/../lib/gcc/arm-none-eabi/10.3.1/thumb/v6-m/nofp\libgcc.a(divdf3.o)
 .data          0x00000000        0x0 c:/program files (x86)/gnu arm embedded toolchain/10.2021.10/bin/../lib/gcc/arm-none-eabi/10.3.1/thumb/v6-m/nofp\libgcc.a(divdf3.o)
 .bss           0x00000000        0x0 c:/program files (x86)/gnu arm embedded toolchain/10.2021.10/bin/../lib/gcc/arm-none-eabi/10.3.1/thumb/v6-m/nofp\libgcc.a(divdf3.o)
 .rodata        0x00000000       0x40 c:/program files (x86)/gnu arm embedded toolchain/10.2021.10/bin/../lib/gcc/arm-none-eabi/10.3.1/thumb/v6-m/nofp\libgcc.a(divdf3.o)
 .debug_frame   0x00000000       0x3c c:/program files (x86)/gnu arm embedded toolchain/10.2021.10/bin/../lib/gcc/arm-none-eabi/10.3.1/thumb/v6-m/nofp\libgcc.a(divdf3.o)
 .ARM.attributes
                0x00000000       0x2c c:/program files (x86)/gnu arm embedded toolchain/10.2021.10/bin/../lib/gcc/arm-none-eabi/10.3.1/thumb/v6-m/nofp\libgcc.a(divdf3.o)
 .text          0x00000000      0x4d8 c:/program files (x86)/gnu arm embedded toolchain/10.2021.10/bin/../lib/gcc/arm-none-eabi/10.3.1/thumb/v6-m/nofp\libgcc.a(muldf3.o)
 .data          0x00000000        0x0 c:/program files (x86)/gnu arm embedded toolchain/10.2021.10/bin/../lib/gcc/arm-none-eabi/10.3.1/thumb/v6-m/nofp\libgcc.a(muldf3.o)
 .bss           0x00000000        0x0 c:/program files (x86)/gnu arm embedded toolchain/10.2021.10/bin/../lib/gcc/arm-none-eabi/10.3.1/thumb/v6-m/nofp\libgcc.a(muldf3.o)
 .rodata        0x00000000       0x40 c:/program files (x86)/gnu arm embedded toolchain/10.2021.10/bin/../lib/gcc/arm-none-eabi/10.3.1/thumb/v6-m/nofp\libgcc.a(muldf3.o)
 .debug_frame   0x00000000       0x3c c:/program files (x86)/gnu arm embedded toolchain/10.2021.10/bin/../lib/gcc/arm-none-eabi/10.3.1/thumb/v6-m/nofp\libgcc.a(muldf3.o)
 .ARM.attributes
                0x00000000       0x2c c:/program files (x86)/gnu arm embedded toolchain/10.2021.10/bin/../lib/gcc/arm-none-eabi/10.3.1/thumb/v6-m/nofp\libgcc.a(muldf3.o)
 .text          0x00000000      0x724 c:/program files (x86)/gnu arm embedded toolchain/10.2021.10/bin/../lib/gcc/arm-none-eabi/10.3.1/thumb/v6-m/nofp\libgcc.a(subdf3.o)
 .data          0x00000000        0x0 c:/program files (x86)/gnu arm embedded toolchain/10.2021.10/bin/../lib/gcc/arm-none-eabi/10.3.1/thumb/v6-m/nofp\libgcc.a(subdf3.o)
 .bss           0x00000000        0x0 c:/program files (x86)/gnu arm embedded toolchain/10.2021.10/bin/../lib/gcc/arm-none-eabi/10.3.1/thumb/v6-m/nofp\libgcc.a(subdf3.o)
 .debug_frame   0x00000000       0x3c c:/program files (x86)/gnu arm embedded toolchain/10.2021.10/bin/../lib/gcc/arm-none-eabi/10.3.1/thumb/v6-m/nofp\libgcc.a(subdf3.o)
 .ARM.attributes
                0x00000000       0x2c c:/program files (x86)/gnu arm embedded toolchain/10.2021.10/bin/../lib/gcc/arm-none-eabi/10.3.1/thumb/v6-m/nofp\libgcc.a(subdf3.o)
 .text          0x00000000       0x6c c:/program files (x86)/gnu arm embedded toolchain/10.2021.10/bin/../lib/gcc/arm-none-eabi/10.3.1/thumb/v6-m/nofp\libgcc.a(fixdfsi.o)
 .data          0x00000000        0x0 c:/program files (x86)/gnu arm embedded toolchain/10.2021.10/bin/../lib/gcc/arm-none-eabi/10.3.1/thumb/v6-m/nofp\libgcc.a(fixdfsi.o)
 .bss           0x00000000        0x0 c:/program files (x86)/gnu arm embedded toolchain/10.2021.10/bin/../lib/gcc/arm-none-eabi/10.3.1/thumb/v6-m/nofp\libgcc.a(fixdfsi.o)
 .debug_frame   0x00000000       0x2c c:/program files (x86)/gnu arm embedded toolchain/10.2021.10/bin/../lib/gcc/arm-none-eabi/10.3.1/thumb/v6-m/nofp\libgcc.a(fixdfsi.o)
 .ARM.attributes
                0x00000000       0x2c c:/program files (x86)/gnu arm embedded toolchain/10.2021.10/bin/../lib/gcc/arm-none-eabi/10.3.1/thumb/v6-m/nofp\libgcc.a(fixdfsi.o)
 .text          0x00000000       0x4c c:/program files (x86)/gnu arm embedded toolchain/10.2021.10/bin/../lib/gcc/arm-none-eabi/10.3.1/thumb/v6-m/nofp\libgcc.a(floatunsidf.o)
 .data          0x00000000        0x0 c:/program files (x86)/gnu arm embedded toolchain/10.2021.10/bin/../lib/gcc/arm-none-eabi/10.3.1/thumb/v6-m/nofp\libgcc.a(floatunsidf.o)
 .bss           0x00000000        0x0 c:/program files (x86)/gnu arm embedded toolchain/10.2021.10/bin/../lib/gcc/arm-none-eabi/10.3.1/thumb/v6-m/nofp\libgcc.a(floatunsidf.o)
 .debug_frame   0x00000000       0x28 c:/program files (x86)/gnu arm embedded toolchain/10.2021.10/bin/../lib/gcc/arm-none-eabi/10.3.1/thumb/v6-m/nofp\libgcc.a(floatunsidf.o)
 .ARM.attributes
                0x00000000       0x2c c:/program files (x86)/gnu arm embedded toolchain/10.2021.10/bin/../lib/gcc/arm-none-eabi/10.3.1/thumb/v6-m/nofp\libgcc.a(floatunsidf.o)
 .text          0x00000000       0x7c c:/program files (x86)/gnu arm embedded toolchain/10.2021.10/bin/../lib/gcc/arm-none-eabi/10.3.1/thumb/v6-m/nofp\libgcc.a(_arm_cmpdf2.o)
 .data          0x00000000        0x0 c:/program files (x86)/gnu arm embedded toolchain/10.2021.10/bin/../lib/gcc/arm-none-eabi/10.3.1/thumb/v6-m/nofp\libgcc.a(_arm_cmpdf2.o)
 .bss           0x00000000        0x0 c:/program files (x86)/gnu arm embedded toolchain/10.2021.10/bin/../lib/gcc/arm-none-eabi/10.3.1/thumb/v6-m/nofp\libgcc.a(_arm_cmpdf2.o)
 .ARM.attributes
                0x00000000       0x1e c:/program files (x86)/gnu arm embedded toolchain/10.2021.10/bin/../lib/gcc/arm-none-eabi/10.3.1/thumb/v6-m/nofp\libgcc.a(_arm_cmpdf2.o)
 .text          0x00000000       0x3c c:/program files (x86)/gnu arm embedded toolchain/10.2021.10/bin/../lib/gcc/arm-none-eabi/10.3.1/thumb/v6-m/nofp\libgcc.a(_clzsi2.o)
 .data          0x00000000        0x0 c:/program files (x86)/gnu arm embedded toolchain/10.2021.10/bin/../lib/gcc/arm-none-eabi/10.3.1/thumb/v6-m/nofp\libgcc.a(_clzsi2.o)
 .bss           0x00000000        0x0 c:/program files (x86)/gnu arm embedded toolchain/10.2021.10/bin/../lib/gcc/arm-none-eabi/10.3.1/thumb/v6-m/nofp\libgcc.a(_clzsi2.o)
 .ARM.attributes
                0x00000000       0x1e c:/program files (x86)/gnu arm embedded toolchain/10.2021.10/bin/../lib/gcc/arm-none-eabi/10.3.1/thumb/v6-m/nofp\libgcc.a(_clzsi2.o)
 .text          0x00000000       0x84 c:/program files (x86)/gnu arm embedded toolchain/10.2021.10/bin/../lib/gcc/arm-none-eabi/10.3.1/thumb/v6-m/nofp\libgcc.a(eqdf2.o)
 .data          0x00000000        0x0 c:/program files (x86)/gnu arm embedded toolchain/10.2021.10/bin/../lib/gcc/arm-none-eabi/10.3.1/thumb/v6-m/nofp\libgcc.a(eqdf2.o)
 .bss           0x00000000        0x0 c:/program files (x86)/gnu arm embedded toolchain/10.2021.10/bin/../lib/gcc/arm-none-eabi/10.3.1/thumb/v6-m/nofp\libgcc.a(eqdf2.o)
 .debug_frame   0x00000000       0x38 c:/program files (x86)/gnu arm embedded toolchain/10.2021.10/bin/../lib/gcc/arm-none-eabi/10.3.1/thumb/v6-m/nofp\libgcc.a(eqdf2.o)
 .ARM.attributes
                0x00000000       0x2c c:/program files (x86)/gnu arm embedded toolchain/10.2021.10/bin/../lib/gcc/arm-none-eabi/10.3.1/thumb/v6-m/nofp\libgcc.a(eqdf2.o)
 .text          0x00000000       0xcc c:/program files (x86)/gnu arm embedded toolchain/10.2021.10/bin/../lib/gcc/arm-none-eabi/10.3.1/thumb/v6-m/nofp\libgcc.a(gedf2.o)
 .data          0x00000000        0x0 c:/program files (x86)/gnu arm embedded toolchain/10.2021.10/bin/../lib/gcc/arm-none-eabi/10.3.1/thumb/v6-m/nofp\libgcc.a(gedf2.o)
 .bss           0x00000000        0x0 c:/program files (x86)/gnu arm embedded toolchain/10.2021.10/bin/../lib/gcc/arm-none-eabi/10.3.1/thumb/v6-m/nofp\libgcc.a(gedf2.o)
 .debug_frame   0x00000000       0x34 c:/program files (x86)/gnu arm embedded toolchain/10.2021.10/bin/../lib/gcc/arm-none-eabi/10.3.1/thumb/v6-m/nofp\libgcc.a(gedf2.o)
 .ARM.attributes
                0x00000000       0x2c c:/program files (x86)/gnu arm embedded toolchain/10.2021.10/bin/../lib/gcc/arm-none-eabi/10.3.1/thumb/v6-m/nofp\libgcc.a(gedf2.o)
 .text          0x00000000       0xc8 c:/program files (x86)/gnu arm embedded toolchain/10.2021.10/bin/../lib/gcc/arm-none-eabi/10.3.1/thumb/v6-m/nofp\libgcc.a(ledf2.o)
 .data          0x00000000        0x0 c:/program files (x86)/gnu arm embedded toolchain/10.2021.10/bin/../lib/gcc/arm-none-eabi/10.3.1/thumb/v6-m/nofp\libgcc.a(ledf2.o)
 .bss           0x00000000        0x0 c:/program files (x86)/gnu arm embedded toolchain/10.2021.10/bin/../lib/gcc/arm-none-eabi/10.3.1/thumb/v6-m/nofp\libgcc.a(ledf2.o)
 .debug_frame   0x00000000       0x34 c:/program files (x86)/gnu arm embedded toolchain/10.2021.10/bin/../lib/gcc/arm-none-eabi/10.3.1/thumb/v6-m/nofp\libgcc.a(ledf2.o)
 .ARM.attributes
                0x00000000       0x2c c:/program files (x86)/gnu arm embedded toolchain/10.2021.10/bin/../lib/gcc/arm-none-eabi/10.3.1/thumb/v6-m/nofp\libgcc.a(ledf2.o)
 .text          0x00000000        0x0 c:/program files (x86)/gnu arm embedded toolchain/10.2021.10/bin/../lib/gcc/arm-none-eabi/10.3.1/../../../../arm-none-eabi/lib/thumb/v6-m/nofp\libc.a(lib_a-errno.o)
 .data          0x00000000        0x0 c:/program files (x86)/gnu arm embedded toolchain/10.2021.10/bin/../lib/gcc/arm-none-eabi/10.3.1/../../../../arm-none-eabi/lib/thumb/v6-m/nofp\libc.a(lib_a-errno.o)
 .bss           0x00000000        0x0 c:/program files (x86)/gnu arm embedded toolchain/10.2021.10/bin/../lib/gcc/arm-none-eabi/10.3.1/../../../../arm-none-eabi/lib/thumb/v6-m/nofp\libc.a(lib_a-errno.o)
 .text.__errno  0x00000000        0xc c:/program files (x86)/gnu arm embedded toolchain/10.2021.10/bin/../lib/gcc/arm-none-eabi/10.3.1/../../../../arm-none-eabi/lib/thumb/v6-m/nofp\libc.a(lib_a-errno.o)
 .debug_frame   0x00000000       0x20 c:/program files (x86)/gnu arm embedded toolchain/10.2021.10/bin/../lib/gcc/arm-none-eabi/10.3.1/../../../../arm-none-eabi/lib/thumb/v6-m/nofp\libc.a(lib_a-errno.o)
 .ARM.attributes
                0x00000000       0x2c c:/program files (x86)/gnu arm embedded toolchain/10.2021.10/bin/../lib/gcc/arm-none-eabi/10.3.1/../../../../arm-none-eabi/lib/thumb/v6-m/nofp\libc.a(lib_a-errno.o)
 .text          0x00000000        0x0 c:/program files (x86)/gnu arm embedded toolchain/10.2021.10/bin/../lib/gcc/arm-none-eabi/10.3.1/../../../../arm-none-eabi/lib/thumb/v6-m/nofp\libc.a(lib_a-impure.o)
 .data          0x00000000        0x0 c:/program files (x86)/gnu arm embedded toolchain/10.2021.10/bin/../lib/gcc/arm-none-eabi/10.3.1/../../../../arm-none-eabi/lib/thumb/v6-m/nofp\libc.a(lib_a-impure.o)
 .bss           0x00000000        0x0 c:/program files (x86)/gnu arm embedded toolchain/10.2021.10/bin/../lib/gcc/arm-none-eabi/10.3.1/../../../../arm-none-eabi/lib/thumb/v6-m/nofp\libc.a(lib_a-impure.o)
 .data._impure_ptr
                0x00000000        0x4 c:/program files (x86)/gnu arm embedded toolchain/10.2021.10/bin/../lib/gcc/arm-none-eabi/10.3.1/../../../../arm-none-eabi/lib/thumb/v6-m/nofp\libc.a(lib_a-impure.o)
 .data.impure_data
                0x00000000      0x428 c:/program files (x86)/gnu arm embedded toolchain/10.2021.10/bin/../lib/gcc/arm-none-eabi/10.3.1/../../../../arm-none-eabi/lib/thumb/v6-m/nofp\libc.a(lib_a-impure.o)
 .rodata._global_impure_ptr
                0x00000000        0x4 c:/program files (x86)/gnu arm embedded toolchain/10.2021.10/bin/../lib/gcc/arm-none-eabi/10.3.1/../../../../arm-none-eabi/lib/thumb/v6-m/nofp\libc.a(lib_a-impure.o)
 .ARM.attributes
                0x00000000       0x2c c:/program files (x86)/gnu arm embedded toolchain/10.2021.10/bin/../lib/gcc/arm-none-eabi/10.3.1/../../../../arm-none-eabi/lib/thumb/v6-m/nofp\libc.a(lib_a-impure.o)
 .text          0x00000000        0x0 c:/program files (x86)/gnu arm embedded toolchain/10.2021.10/bin/../lib/gcc/arm-none-eabi/10.3.1/../../../../arm-none-eabi/lib/thumb/v6-m/nofp\libc.a(lib_a-memcpy-stub.o)
 .data          0x00000000        0x0 c:/program files (x86)/gnu arm embedded toolchain/10.2021.10/bin/../lib/gcc/arm-none-eabi/10.3.1/../../../../arm-none-eabi/lib/thumb/v6-m/nofp\libc.a(lib_a-memcpy-stub.o)
 .bss           0x00000000        0x0 c:/program files (x86)/gnu arm embedded toolchain/10.2021.10/bin/../lib/gcc/arm-none-eabi/10.3.1/../../../../arm-none-eabi/lib/thumb/v6-m/nofp\libc.a(lib_a-memcpy-stub.o)
 .text.memcpy   0x00000000       0xa4 c:/program files (x86)/gnu arm embedded toolchain/10.2021.10/bin/../lib/gcc/arm-none-eabi/10.3.1/../../../../arm-none-eabi/lib/thumb/v6-m/nofp\libc.a(lib_a-memcpy-stub.o)
 .debug_frame   0x00000000       0x34 c:/program files (x86)/gnu arm embedded toolchain/10.2021.10/bin/../lib/gcc/arm-none-eabi/10.3.1/../../../../arm-none-eabi/lib/thumb/v6-m/nofp\libc.a(lib_a-memcpy-stub.o)
 .ARM.attributes
                0x00000000       0x2c c:/program files (x86)/gnu arm embedded toolchain/10.2021.10/bin/../lib/gcc/arm-none-eabi/10.3.1/../../../../arm-none-eabi/lib/thumb/v6-m/nofp\libc.a(lib_a-memcpy-stub.o)

Memory Configuration

Name             Origin             Length             Attributes
FLASH            0x00100000         0x00001e00         xr
RAM              0x20000000         0x00002000         xrw
*default*        0x00000000         0xffffffff

Linker script and memory map

LOAD ./Library/StdDriver/src/acmp.o
LOAD ./Library/StdDriver/src/adc.o
LOAD ./Library/StdDriver/src/bpwm.o
LOAD ./Library/StdDriver/src/clk.o
LOAD ./Library/StdDriver/src/ecap.o
LOAD ./Library/StdDriver/src/epwm.o
LOAD ./Library/StdDriver/src/fmc.o
LOAD ./Library/StdDriver/src/gdma.o
LOAD ./Library/StdDriver/src/gpio.o
LOAD ./Library/StdDriver/src/op.o
LOAD ./Library/StdDriver/src/retarget.o
LOAD ./Library/StdDriver/src/sys.o
LOAD ./Library/StdDriver/src/timer.o
LOAD ./Library/StdDriver/src/usci_i2c.o
LOAD ./Library/StdDriver/src/usci_spi.o
LOAD ./Library/StdDriver/src/usci_uart.o
LOAD ./Library/StdDriver/src/wdt.o
LOAD ./Library/Device/Nuvoton/NM1240/Source/GCC/_syscalls.o
LOAD ./Library/Device/Nuvoton/NM1240/Source/GCC/startup_NM1240.o
LOAD ./Library/Device/Nuvoton/NM1240/Source/system_NM1240.o
LOAD ./I2C_KBS_LDROM/aprom_isp.o
LOAD ./I2C_KBS_LDROM/i2c_cmd.o
LOAD ./I2C_KBS_LDROM/i2c_ctrl.o
LOAD ./I2C_KBS_LDROM/main.o
LOAD ./I2C_KBS_LDROM/prj_config.o
LOAD ./I2C_KBS_LDROM/uart_ctrl.o
START GROUP
LOAD c:/program files (x86)/gnu arm embedded toolchain/10.2021.10/bin/../lib/gcc/arm-none-eabi/10.3.1/thumb/v6-m/nofp\libgcc.a
LOAD c:/program files (x86)/gnu arm embedded toolchain/10.2021.10/bin/../lib/gcc/arm-none-eabi/10.3.1/../../../../arm-none-eabi/lib/thumb/v6-m/nofp\libc.a
LOAD c:/program files (x86)/gnu arm embedded toolchain/10.2021.10/bin/../lib/gcc/arm-none-eabi/10.3.1/../../../../arm-none-eabi/lib/thumb/v6-m/nofp\libm.a
LOAD c:/program files (x86)/gnu arm embedded toolchain/10.2021.10/bin/../lib/gcc/arm-none-eabi/10.3.1/../../../../arm-none-eabi/lib/thumb/v6-m/nofp\libnosys.a
END GROUP

.text           0x00100000     0x1264
 *(.vectors)
 .vectors       0x00100000       0xd0 ./Library/Device/Nuvoton/NM1240/Source/GCC/startup_NM1240.o
                0x00100000                __Vectors
                0x001000d0                __Vectors_End = .
                0x001000d0                __Vectors_Size = (__Vectors_End - __Vectors)
                0x20000280                __end__ = .
                0x00100200                . = ALIGN (0x200)
 *fill*         0x001000d0      0x130 
 *(.text*)
 .text.CLK_GetPCLKFreq
                0x00100200       0x10 ./Library/StdDriver/src/clk.o
                0x00100200                CLK_GetPCLKFreq
 .text.CLK_SetHCLK
                0x00100210       0x2c ./Library/StdDriver/src/clk.o
                0x00100210                CLK_SetHCLK
 .text.CLK_EnableModuleClock
                0x0010023c       0x1c ./Library/StdDriver/src/clk.o
                0x0010023c                CLK_EnableModuleClock
 .text.CLK_WaitClockReady
                0x00100258       0x24 ./Library/StdDriver/src/clk.o
                0x00100258                CLK_WaitClockReady
 .text.CLK_SetCoreClock
                0x0010027c       0x74 ./Library/StdDriver/src/clk.o
                0x0010027c                CLK_SetCoreClock
 .text.FMC_Close
                0x001002f0       0x10 ./Library/StdDriver/src/fmc.o
                0x001002f0                FMC_Close
 .text.FMC_Open
                0x00100300       0x10 ./Library/StdDriver/src/fmc.o
                0x00100300                FMC_Open
 .text.FMC_Read
                0x00100310       0x1c ./Library/StdDriver/src/fmc.o
                0x00100310                FMC_Read
 .text.FMC_ReadCID
                0x0010032c       0x1c ./Library/StdDriver/src/fmc.o
                0x0010032c                FMC_ReadCID
 .text.FMC_SetVectorPageAddr
                0x00100348       0x18 ./Library/StdDriver/src/fmc.o
                0x00100348                FMC_SetVectorPageAddr
 .text.FMC_GetVectorPageAddr
                0x00100360       0x14 ./Library/StdDriver/src/fmc.o
                0x00100360                FMC_GetVectorPageAddr
 .text.FMC_GetCRC32Sum
                0x00100374       0x50 ./Library/StdDriver/src/fmc.o
                0x00100374                FMC_GetCRC32Sum
 .text.Hard_Fault_Handler
                0x001003c4        0x2 ./Library/StdDriver/src/retarget.o
                0x001003c4                Hard_Fault_Handler
 *fill*         0x001003c6        0x2 
 .text.HardFault_Handler
                0x001003c8       0x20 ./Library/StdDriver/src/retarget.o
                0x001003c8                HardFault_Handler
 .text.SYS_ReadPDID
                0x001003e8        0x8 ./Library/StdDriver/src/sys.o
                0x001003e8                SYS_ReadPDID
 .text.SYS_ResetModule
                0x001003f0       0x12 ./Library/StdDriver/src/sys.o
                0x001003f0                SYS_ResetModule
 *fill*         0x00100402        0x2 
 .text.UUART_Open
                0x00100404      0x110 ./Library/StdDriver/src/usci_uart.o
                0x00100404                UUART_Open
 .text          0x00100514       0x34 ./Library/Device/Nuvoton/NM1240/Source/GCC/startup_NM1240.o
                0x00100514                Reset_Handler
                0x0010053c                SysTick_Handler
                0x0010053c                PendSV_Handler
                0x0010053c                NMI_Handler
                0x0010053c                ECAP_IRQHandler
                0x0010053c                BRAKE1_IRQHandler
                0x0010053c                ADC0_IRQHandler
                0x0010053c                TMR0_IRQHandler
                0x0010053c                ACMP_IRQHandler
                0x0010053c                ADC1_IRQHandler
                0x0010053c                GDMA1_IRQHandler
                0x0010053c                PWRWU_IRQHandler
                0x0010053c                BRAKE0_IRQHandler
                0x0010053c                BPWM1_IRQHandler
                0x0010053c                GDMA0_IRQHandler
                0x0010053c                Default_Handler
                0x0010053c                EPWM_IRQHandler
                0x0010053c                TMR2_IRQHandler
                0x0010053c                BPWM0_IRQHandler
                0x0010053c                BOD_IRQHandler
                0x0010053c                WDT_IRQHandler
                0x0010053c                SVC_Handler
                0x0010053c                HIRCTRIM_IRQHandler
                0x0010053c                CCAP_IRQHandler
                0x0010053c                TMR1_IRQHandler
 .text.SystemCoreClockUpdate
                0x00100548       0x80 ./Library/Device/Nuvoton/NM1240/Source/system_NM1240.o
                0x00100548                SystemCoreClockUpdate
 .text.SystemInit
                0x001005c8        0x2 ./Library/Device/Nuvoton/NM1240/Source/system_NM1240.o
                0x001005c8                SystemInit
 *fill*         0x001005ca        0x2 
 .text.FMC_ISP_Config_Vector_Base
                0x001005cc       0x38 ./I2C_KBS_LDROM/aprom_isp.o
                0x001005cc                FMC_ISP_Config_Vector_Base
 .text.I2C_Write_Hanelder
                0x00100604       0x4c ./I2C_KBS_LDROM/i2c_ctrl.o
                0x00100604                I2C_Write_Hanelder
 .text.I2C_Slave_Send_Data
                0x00100650       0x4c ./I2C_KBS_LDROM/i2c_ctrl.o
                0x00100650                I2C_Slave_Send_Data
 .text.I2C_Write_Read_Handler
                0x0010069c       0x38 ./I2C_KBS_LDROM/i2c_ctrl.o
                0x0010069c                I2C_Write_Read_Handler
 .text.I2C_Read_Handler
                0x001006d4       0x24 ./I2C_KBS_LDROM/i2c_ctrl.o
                0x001006d4                I2C_Read_Handler
 .text.I2C_Stop_Handler
                0x001006f8       0x54 ./I2C_KBS_LDROM/i2c_ctrl.o
                0x001006f8                I2C_Stop_Handler
 .text.I2C_NAck_Handler
                0x0010074c       0x18 ./I2C_KBS_LDROM/i2c_ctrl.o
                0x0010074c                I2C_NAck_Handler
 .text.I2C_ArbLose_Handler
                0x00100764       0x20 ./I2C_KBS_LDROM/i2c_ctrl.o
                0x00100764                I2C_ArbLose_Handler
 .text.TaskI2CSlv_GetEventBits
                0x00100784       0x18 ./I2C_KBS_LDROM/i2c_ctrl.o
                0x00100784                TaskI2CSlv_GetEventBits
 .text.TaskI2CSlv_SetEventBits
                0x0010079c       0x20 ./I2C_KBS_LDROM/i2c_ctrl.o
                0x0010079c                TaskI2CSlv_SetEventBits
 .text.USCI1_IRQHandler
                0x001007bc      0x160 ./I2C_KBS_LDROM/i2c_ctrl.o
                0x001007bc                USCI1_IRQHandler
 .text.TaskI2CSlv_ClrEventBits
                0x0010091c       0x1c ./I2C_KBS_LDROM/i2c_ctrl.o
                0x0010091c                TaskI2CSlv_ClrEventBits
 .text.TaskI2CSlv_Handler
                0x00100938       0x76 ./I2C_KBS_LDROM/i2c_ctrl.o
                0x00100938                TaskI2CSlv_Handler
 *fill*         0x001009ae        0x2 
 .text.SYS_UnlockReg
                0x001009b0       0x1c ./I2C_KBS_LDROM/main.o
 .text.enter_critical_section
                0x001009cc        0x8 ./I2C_KBS_LDROM/main.o
                0x001009cc                enter_critical_section
 .text.exit_critical_section
                0x001009d4        0x8 ./I2C_KBS_LDROM/main.o
                0x001009d4                exit_critical_section
 .text.set_service_flags
                0x001009dc       0x1c ./I2C_KBS_LDROM/main.o
                0x001009dc                set_service_flags
 .text.clear_service_flags
                0x001009f8       0x1c ./I2C_KBS_LDROM/main.o
                0x001009f8                clear_service_flags
 .text.get_service_flags
                0x00100a14       0x18 ./I2C_KBS_LDROM/main.o
                0x00100a14                get_service_flags
 .text.identify_aprom_firmware
                0x00100a2c       0xc0 ./I2C_KBS_LDROM/main.o
                0x00100a2c                identify_aprom_firmware
 .text.Sys_Init
                0x00100aec       0x28 ./I2C_KBS_LDROM/main.o
                0x00100aec                Sys_Init
 .text.startup.main
                0x00100b14      0x15c ./I2C_KBS_LDROM/main.o
                0x00100b14                main
 .text.GPIO_IRQHandler
                0x00100c70       0x1c ./I2C_KBS_LDROM/main.o
                0x00100c70                GPIO_IRQHandler
 .text.get_gpio_port_ptr
                0x00100c8c        0xc ./I2C_KBS_LDROM/prj_config.o
                0x00100c8c                get_gpio_port_ptr
 .text.Usci_Uart_Rx_Handle
                0x00100c98       0x58 ./I2C_KBS_LDROM/uart_ctrl.o
                0x00100c98                Usci_Uart_Rx_Handle
 .text.USCI2_IRQHandler
                0x00100cf0       0x20 ./I2C_KBS_LDROM/uart_ctrl.o
                0x00100cf0                USCI2_IRQHandler
 .text.Ucsi_Uart_Pin_Select
                0x00100d10       0x48 ./I2C_KBS_LDROM/uart_ctrl.o
                0x00100d10                Ucsi_Uart_Pin_Select
 .text.Ucsi_Uart_Module_Init
                0x00100d58       0x44 ./I2C_KBS_LDROM/uart_ctrl.o
                0x00100d58                Ucsi_Uart_Module_Init
 .text.uart_wait_send_done
                0x00100d9c        0xc ./I2C_KBS_LDROM/uart_ctrl.o
                0x00100d9c                uart_wait_send_done
 .text.uart_send_char
                0x00100da8       0x1c ./I2C_KBS_LDROM/uart_ctrl.o
                0x00100da8                uart_send_char
 .text.uart_send_hex
                0x00100dc4       0x3a ./I2C_KBS_LDROM/uart_ctrl.o
                0x00100dc4                uart_send_hex
 .text.uart_send_string
                0x00100dfe       0x38 ./I2C_KBS_LDROM/uart_ctrl.o
                0x00100dfe                uart_send_string
 *fill*         0x00100e36        0x2 
 .text          0x00100e38      0x114 c:/program files (x86)/gnu arm embedded toolchain/10.2021.10/bin/../lib/gcc/arm-none-eabi/10.3.1/thumb/v6-m/nofp\libgcc.a(_udivsi3.o)
                0x00100e38                __aeabi_uidiv
                0x00100e38                __udivsi3
                0x00100f44                __aeabi_uidivmod
 .text          0x00100f4c        0x4 c:/program files (x86)/gnu arm embedded toolchain/10.2021.10/bin/../lib/gcc/arm-none-eabi/10.3.1/thumb/v6-m/nofp\libgcc.a(_dvmd_tls.o)
                0x00100f4c                __aeabi_idiv0
                0x00100f4c                __aeabi_ldiv0
 *(.init)
 *(.fini)
 *crtbegin.o(.ctors)
 *crtbegin?.o(.ctors)
 *(EXCLUDE_FILE(*crtend.o *crtend?.o) .ctors)
 *(SORT_BY_NAME(.ctors.*))
 *(.ctors)
 *crtbegin.o(.dtors)
 *crtbegin?.o(.dtors)
 *(EXCLUDE_FILE(*crtend.o *crtend?.o) .dtors)
 *(SORT_BY_NAME(.dtors.*))
 *(.dtors)
 *(.rodata*)
 .rodata.main.str1.1
                0x00100f50       0x4d ./I2C_KBS_LDROM/main.o
 .rodata.Aprom_Flag_Info
                0x00100f9d      0x180 ./I2C_KBS_LDROM/main.o
                0x00100f9d                Aprom_Flag_Info
 *fill*         0x0010111d        0x3 
 .rodata.Fw_Info_Log
                0x00101120      0x144 ./I2C_KBS_LDROM/main.o
                0x00101120                Fw_Info_Log
 *(.eh_frame*)

.glue_7         0x00101264        0x0
 .glue_7        0x00101264        0x0 linker stubs

.glue_7t        0x00101264        0x0
 .glue_7t       0x00101264        0x0 linker stubs

.vfp11_veneer   0x00101264        0x0
 .vfp11_veneer  0x00101264        0x0 linker stubs

.v4_bx          0x00101264        0x0
 .v4_bx         0x00101264        0x0 linker stubs

.iplt           0x00101264        0x0
 .iplt          0x00101264        0x0 ./Library/StdDriver/src/clk.o

.rel.dyn        0x00101264        0x0
 .rel.iplt      0x00101264        0x0 ./Library/StdDriver/src/clk.o

.ARM.extab      0x00101264        0x0
                0x00101264                . = ALIGN (0x4)
 *(.ARM.extab* .gnu.linkonce.armextab.*)
                0x00101264                __exidx_start = .

.ARM.exidx      0x00101264        0x0
                0x00101264                . = ALIGN (0x4)
 *(.ARM.exidx* .gnu.linkonce.armexidx.*)
                0x00101264                __exidx_end = .
                0x00101264                . = ALIGN (0x4)
                0x00101264                __etext = .

.data           0x20000000       0x28 load address 0x00101264
                0x20000000                __data_start__ = .
 *(vtable)
 *(.data*)
 .data.CyclesPerUs
                0x20000000        0x4 ./Library/Device/Nuvoton/NM1240/Source/system_NM1240.o
                0x20000000                CyclesPerUs
 .data.SystemCoreClock
                0x20000004        0x4 ./Library/Device/Nuvoton/NM1240/Source/system_NM1240.o
                0x20000004                SystemCoreClock
 .data.__HIRC   0x20000008        0x4 ./Library/Device/Nuvoton/NM1240/Source/system_NM1240.o
                0x20000008                __HIRC
 .data.s_pGpioPort
                0x2000000c       0x18 ./I2C_KBS_LDROM/prj_config.o
                0x2000000c                s_pGpioPort
 .data.g_bWait  0x20000024        0x4 ./I2C_KBS_LDROM/uart_ctrl.o
                0x20000024                g_bWait
                0x20000028                . = ALIGN (0x4)
                [!provide]                PROVIDE (__preinit_array_start = .)
 *(.preinit_array)
                [!provide]                PROVIDE (__preinit_array_end = .)
                0x20000028                . = ALIGN (0x4)
                [!provide]                PROVIDE (__init_array_start = .)
 *(SORT_BY_NAME(.init_array.*))
 *(.init_array)
                [!provide]                PROVIDE (__init_array_end = .)
                0x20000028                . = ALIGN (0x4)
                [!provide]                PROVIDE (__fini_array_start = .)
 *(SORT_BY_NAME(.fini_array.*))
 *(.fini_array)
                [!provide]                PROVIDE (__fini_array_end = .)
 *(.jcr*)
                0x20000028                . = ALIGN (0x4)
                0x20000028                __data_end__ = .

.igot.plt       0x20000028        0x0 load address 0x0010128c
 .igot.plt      0x20000028        0x0 ./Library/StdDriver/src/clk.o

.bss            0x20000028      0x258 load address 0x0010128c
                0x20000028                . = ALIGN (0x4)
                0x20000028                __bss_start__ = .
 *(.bss*)
 .bss.I2C_ReadCallback
                0x20000028        0x4 ./I2C_KBS_LDROM/i2c_ctrl.o
 .bss.I2C_SlvCtrlState
                0x2000002c        0x1 ./I2C_KBS_LDROM/i2c_ctrl.o
                0x2000002c                I2C_SlvCtrlState
 *fill*         0x2000002d        0x3 
 .bss.I2C_StopCallback
                0x20000030        0x4 ./I2C_KBS_LDROM/i2c_ctrl.o
 .bss.I2C_WriteCallback
                0x20000034        0x4 ./I2C_KBS_LDROM/i2c_ctrl.o
 .bss.I2C_WriteReadCallback
                0x20000038        0x4 ./I2C_KBS_LDROM/i2c_ctrl.o
 .bss.I2cSlvAddr
                0x2000003c        0x1 ./I2C_KBS_LDROM/i2c_ctrl.o
 *fill*         0x2000003d        0x1 
 .bss.I2cSlvRxCnt
                0x2000003e        0x2 ./I2C_KBS_LDROM/i2c_ctrl.o
 .bss.I2cSlvRxData
                0x20000040       0x80 ./I2C_KBS_LDROM/i2c_ctrl.o
 .bss.I2cSlvTxCnt
                0x200000c0        0x2 ./I2C_KBS_LDROM/i2c_ctrl.o
 .bss.I2cSlvTxData
                0x200000c2       0x80 ./I2C_KBS_LDROM/i2c_ctrl.o
 .bss.I2cSlvTxIndex
                0x20000142        0x2 ./I2C_KBS_LDROM/i2c_ctrl.o
 .bss.TaskI2CSlvEvtGrp
                0x20000144        0x4 ./I2C_KBS_LDROM/i2c_ctrl.o
 .bss.FwServiceFlags
                0x20000148        0x4 ./I2C_KBS_LDROM/main.o
 .bss.ap_fw_checksum
                0x2000014c        0x4 ./I2C_KBS_LDROM/main.o
                0x2000014c                ap_fw_checksum
 .bss.ap_fw_entry
                0x20000150        0x4 ./I2C_KBS_LDROM/main.o
 .bss.ap_fw_sig_h
                0x20000154        0x4 ./I2C_KBS_LDROM/main.o
                0x20000154                ap_fw_sig_h
 .bss.ap_fw_sig_l
                0x20000158        0x4 ./I2C_KBS_LDROM/main.o
                0x20000158                ap_fw_sig_l
 .bss.ap_fw_size
                0x2000015c        0x4 ./I2C_KBS_LDROM/main.o
                0x2000015c                ap_fw_size
 .bss.ap_fw_version
                0x20000160        0x4 ./I2C_KBS_LDROM/main.o
                0x20000160                ap_fw_version
 .bss.ap_rom_checksum
                0x20000164        0x4 ./I2C_KBS_LDROM/main.o
                0x20000164                ap_rom_checksum
 .bss.company_id
                0x20000168        0x4 ./I2C_KBS_LDROM/main.o
                0x20000168                company_id
 .bss.ld_fw_size
                0x2000016c        0x4 ./I2C_KBS_LDROM/main.o
                0x2000016c                ld_fw_size
 .bss.ld_fw_version
                0x20000170        0x4 ./I2C_KBS_LDROM/main.o
                0x20000170                ld_fw_version
 .bss.product_id
                0x20000174        0x4 ./I2C_KBS_LDROM/main.o
                0x20000174                product_id
 .bss.g_u32comRbytes
                0x20000178        0x4 ./I2C_KBS_LDROM/uart_ctrl.o
                0x20000178                g_u32comRbytes
 .bss.g_u32comRtail
                0x2000017c        0x4 ./I2C_KBS_LDROM/uart_ctrl.o
                0x2000017c                g_u32comRtail
 .bss.g_u8RecData
                0x20000180      0x100 ./I2C_KBS_LDROM/uart_ctrl.o
                0x20000180                g_u8RecData
 *(COMMON)
                0x20000280                . = ALIGN (0x4)
                0x20000280                __bss_end__ = .

.heap           0x20000280      0x100
                0x20000280                __HeapBase = .
                0x20000280                __end__ = .
                0x20000280                end = __end__
 *(.heap*)
 .heap          0x20000280      0x100 ./Library/Device/Nuvoton/NM1240/Source/GCC/startup_NM1240.o
                0x20000380                __HeapLimit = .

.stack_dummy    0x20000280      0x400
 *(.stack*)
 .stack         0x20000280      0x400 ./Library/Device/Nuvoton/NM1240/Source/GCC/startup_NM1240.o
                0x20002000                __StackTop = (ORIGIN (RAM) + LENGTH (RAM))
                0x20001c00                __StackLimit = (__StackTop - SIZEOF (.stack_dummy))
                [!provide]                PROVIDE (__stack = __StackTop)
                0x0000128c                __fw_size = (((__etext - ORIGIN (FLASH)) + __data_end__) - __data_start__)
                0x00000001                __fw_version_major = 0x1
                0x00000002                __fw_version_minor = 0x2
                0x00000003                __fw_version_build = 0x3
                0x00000001                ASSERT ((__StackLimit >= __HeapLimit), region RAM overflowed with stack)
OUTPUT(I2C_KBS_LDROM.elf elf32-littlearm)
LOAD linker stubs

.debug_info     0x00000000     0x5f1a
 .debug_info    0x00000000      0x795 ./Library/StdDriver/src/clk.o
 .debug_info    0x00000795      0x4f3 ./Library/StdDriver/src/fmc.o
 .debug_info    0x00000c88      0xd6b ./Library/StdDriver/src/retarget.o
 .debug_info    0x000019f3      0x381 ./Library/StdDriver/src/sys.o
 .debug_info    0x00001d74      0x817 ./Library/StdDriver/src/usci_uart.o
 .debug_info    0x0000258b       0x26 ./Library/Device/Nuvoton/NM1240/Source/GCC/startup_NM1240.o
 .debug_info    0x000025b1      0x284 ./Library/Device/Nuvoton/NM1240/Source/system_NM1240.o
 .debug_info    0x00002835      0x96f ./I2C_KBS_LDROM/aprom_isp.o
 .debug_info    0x000031a4      0xd3d ./I2C_KBS_LDROM/i2c_ctrl.o
 .debug_info    0x00003ee1      0xe4e ./I2C_KBS_LDROM/main.o
 .debug_info    0x00004d2f      0x7cf ./I2C_KBS_LDROM/prj_config.o
 .debug_info    0x000054fe      0xa1c ./I2C_KBS_LDROM/uart_ctrl.o

.debug_abbrev   0x00000000     0x1a79
 .debug_abbrev  0x00000000      0x30c ./Library/StdDriver/src/clk.o
 .debug_abbrev  0x0000030c      0x1d4 ./Library/StdDriver/src/fmc.o
 .debug_abbrev  0x000004e0      0x382 ./Library/StdDriver/src/retarget.o
 .debug_abbrev  0x00000862      0x12a ./Library/StdDriver/src/sys.o
 .debug_abbrev  0x0000098c      0x1b3 ./Library/StdDriver/src/usci_uart.o
 .debug_abbrev  0x00000b3f       0x14 ./Library/Device/Nuvoton/NM1240/Source/GCC/startup_NM1240.o
 .debug_abbrev  0x00000b53      0x10c ./Library/Device/Nuvoton/NM1240/Source/system_NM1240.o
 .debug_abbrev  0x00000c5f      0x226 ./I2C_KBS_LDROM/aprom_isp.o
 .debug_abbrev  0x00000e85      0x357 ./I2C_KBS_LDROM/i2c_ctrl.o
 .debug_abbrev  0x000011dc      0x37d ./I2C_KBS_LDROM/main.o
 .debug_abbrev  0x00001559      0x24e ./I2C_KBS_LDROM/prj_config.o
 .debug_abbrev  0x000017a7      0x2d2 ./I2C_KBS_LDROM/uart_ctrl.o

.debug_loc      0x00000000     0x1ef4
 .debug_loc     0x00000000      0x4c3 ./Library/StdDriver/src/clk.o
 .debug_loc     0x000004c3      0x266 ./Library/StdDriver/src/fmc.o
 .debug_loc     0x00000729      0x1d7 ./Library/StdDriver/src/retarget.o
 .debug_loc     0x00000900       0x25 ./Library/StdDriver/src/sys.o
 .debug_loc     0x00000925      0xa78 ./Library/StdDriver/src/usci_uart.o
 .debug_loc     0x0000139d       0x70 ./Library/Device/Nuvoton/NM1240/Source/system_NM1240.o
 .debug_loc     0x0000140d      0x34b ./I2C_KBS_LDROM/aprom_isp.o
 .debug_loc     0x00001758      0x14b ./I2C_KBS_LDROM/i2c_ctrl.o
 .debug_loc     0x000018a3      0x2a1 ./I2C_KBS_LDROM/main.o
 .debug_loc     0x00001b44      0x21a ./I2C_KBS_LDROM/prj_config.o
 .debug_loc     0x00001d5e      0x196 ./I2C_KBS_LDROM/uart_ctrl.o

.debug_aranges  0x00000000      0x4f0
 .debug_aranges
                0x00000000       0xa0 ./Library/StdDriver/src/clk.o
 .debug_aranges
                0x000000a0       0xa0 ./Library/StdDriver/src/fmc.o
 .debug_aranges
                0x00000140       0x70 ./Library/StdDriver/src/retarget.o
 .debug_aranges
                0x000001b0       0x70 ./Library/StdDriver/src/sys.o
 .debug_aranges
                0x00000220       0x78 ./Library/StdDriver/src/usci_uart.o
 .debug_aranges
                0x00000298       0x20 ./Library/Device/Nuvoton/NM1240/Source/GCC/startup_NM1240.o
 .debug_aranges
                0x000002b8       0x28 ./Library/Device/Nuvoton/NM1240/Source/system_NM1240.o
 .debug_aranges
                0x000002e0       0x60 ./I2C_KBS_LDROM/aprom_isp.o
 .debug_aranges
                0x00000340       0xa0 ./I2C_KBS_LDROM/i2c_ctrl.o
 .debug_aranges
                0x000003e0       0x70 ./I2C_KBS_LDROM/main.o
 .debug_aranges
                0x00000450       0x38 ./I2C_KBS_LDROM/prj_config.o
 .debug_aranges
                0x00000488       0x68 ./I2C_KBS_LDROM/uart_ctrl.o

.debug_ranges   0x00000000      0x5d8
 .debug_ranges  0x00000000       0xb8 ./Library/StdDriver/src/clk.o
 .debug_ranges  0x000000b8       0x90 ./Library/StdDriver/src/fmc.o
 .debug_ranges  0x00000148       0x78 ./Library/StdDriver/src/retarget.o
 .debug_ranges  0x000001c0       0x60 ./Library/StdDriver/src/sys.o
 .debug_ranges  0x00000220       0x68 ./Library/StdDriver/src/usci_uart.o
 .debug_ranges  0x00000288       0x18 ./Library/Device/Nuvoton/NM1240/Source/system_NM1240.o
 .debug_ranges  0x000002a0       0x88 ./I2C_KBS_LDROM/aprom_isp.o
 .debug_ranges  0x00000328       0xc0 ./I2C_KBS_LDROM/i2c_ctrl.o
 .debug_ranges  0x000003e8      0x108 ./I2C_KBS_LDROM/main.o
 .debug_ranges  0x000004f0       0x78 ./I2C_KBS_LDROM/prj_config.o
 .debug_ranges  0x00000568       0x70 ./I2C_KBS_LDROM/uart_ctrl.o

.debug_line     0x00000000     0x4335
 .debug_line    0x00000000      0x6ba ./Library/StdDriver/src/clk.o
 .debug_line    0x000006ba      0x701 ./Library/StdDriver/src/fmc.o
 .debug_line    0x00000dbb      0x525 ./Library/StdDriver/src/retarget.o
 .debug_line    0x000012e0      0x31e ./Library/StdDriver/src/sys.o
 .debug_line    0x000015fe      0xa1c ./Library/StdDriver/src/usci_uart.o
 .debug_line    0x0000201a       0x8a ./Library/Device/Nuvoton/NM1240/Source/GCC/startup_NM1240.o
 .debug_line    0x000020a4      0x256 ./Library/Device/Nuvoton/NM1240/Source/system_NM1240.o
 .debug_line    0x000022fa      0x5f0 ./I2C_KBS_LDROM/aprom_isp.o
 .debug_line    0x000028ea      0x8d2 ./I2C_KBS_LDROM/i2c_ctrl.o
 .debug_line    0x000031bc      0x813 ./I2C_KBS_LDROM/main.o
 .debug_line    0x000039cf      0x2d7 ./I2C_KBS_LDROM/prj_config.o
 .debug_line    0x00003ca6      0x68f ./I2C_KBS_LDROM/uart_ctrl.o

.debug_str      0x00000000     0x1b6f
 .debug_str     0x00000000      0x46d ./Library/StdDriver/src/clk.o
                                0x4b7 (size before relaxing)
 .debug_str     0x0000046d      0x191 ./Library/StdDriver/src/fmc.o
                                0x37a (size before relaxing)
 .debug_str     0x000005fe      0x4b5 ./Library/StdDriver/src/retarget.o
                                0x6c4 (size before relaxing)
 .debug_str     0x00000ab3      0x16e ./Library/StdDriver/src/sys.o
                                0x35a (size before relaxing)
 .debug_str     0x00000c21      0x1d8 ./Library/StdDriver/src/usci_uart.o
                                0x462 (size before relaxing)
 .debug_str     0x00000df9       0x4b ./Library/Device/Nuvoton/NM1240/Source/GCC/startup_NM1240.o
                                 0x95 (size before relaxing)
 .debug_str     0x00000e44       0x5d ./Library/Device/Nuvoton/NM1240/Source/system_NM1240.o
                                0x2ac (size before relaxing)
 .debug_str     0x00000ea1      0x1ed ./I2C_KBS_LDROM/aprom_isp.o
                                0x4e6 (size before relaxing)
 .debug_str     0x0000108e      0x622 ./I2C_KBS_LDROM/i2c_ctrl.o
                                0x988 (size before relaxing)
 .debug_str     0x000016b0      0x256 ./I2C_KBS_LDROM/main.o
                                0x666 (size before relaxing)
 .debug_str     0x00001906      0x180 ./I2C_KBS_LDROM/prj_config.o
                                0x499 (size before relaxing)
 .debug_str     0x00001a86       0xe9 ./I2C_KBS_LDROM/uart_ctrl.o
                                0x69f (size before relaxing)

.comment        0x00000000       0x49
 .comment       0x00000000       0x49 ./Library/StdDriver/src/clk.o
                                 0x4a (size before relaxing)
 .comment       0x00000049       0x4a ./Library/StdDriver/src/fmc.o
 .comment       0x00000049       0x4a ./Library/StdDriver/src/retarget.o
 .comment       0x00000049       0x4a ./Library/StdDriver/src/sys.o
 .comment       0x00000049       0x4a ./Library/StdDriver/src/usci_uart.o
 .comment       0x00000049       0x4a ./Library/Device/Nuvoton/NM1240/Source/system_NM1240.o
 .comment       0x00000049       0x4a ./I2C_KBS_LDROM/aprom_isp.o
 .comment       0x00000049       0x4a ./I2C_KBS_LDROM/i2c_ctrl.o
 .comment       0x00000049       0x4a ./I2C_KBS_LDROM/main.o
 .comment       0x00000049       0x4a ./I2C_KBS_LDROM/prj_config.o
 .comment       0x00000049       0x4a ./I2C_KBS_LDROM/uart_ctrl.o

.ARM.attributes
                0x00000000       0x2e
 .ARM.attributes
                0x00000000       0x2c ./Library/StdDriver/src/clk.o
 .ARM.attributes
                0x0000002c       0x2c ./Library/StdDriver/src/fmc.o
 .ARM.attributes
                0x00000058       0x2c ./Library/StdDriver/src/retarget.o
 .ARM.attributes
                0x00000084       0x2c ./Library/StdDriver/src/sys.o
 .ARM.attributes
                0x000000b0       0x2c ./Library/StdDriver/src/usci_uart.o
 .ARM.attributes
                0x000000dc       0x20 ./Library/Device/Nuvoton/NM1240/Source/GCC/startup_NM1240.o
 .ARM.attributes
                0x000000fc       0x2c ./Library/Device/Nuvoton/NM1240/Source/system_NM1240.o
 .ARM.attributes
                0x00000128       0x2c ./I2C_KBS_LDROM/aprom_isp.o
 .ARM.attributes
                0x00000154       0x2c ./I2C_KBS_LDROM/i2c_ctrl.o
 .ARM.attributes
                0x00000180       0x2c ./I2C_KBS_LDROM/main.o
 .ARM.attributes
                0x000001ac       0x2c ./I2C_KBS_LDROM/prj_config.o
 .ARM.attributes
                0x000001d8       0x2c ./I2C_KBS_LDROM/uart_ctrl.o
 .ARM.attributes
                0x00000204       0x1e c:/program files (x86)/gnu arm embedded toolchain/10.2021.10/bin/../lib/gcc/arm-none-eabi/10.3.1/thumb/v6-m/nofp\libgcc.a(_udivsi3.o)
 .ARM.attributes
                0x00000222       0x1e c:/program files (x86)/gnu arm embedded toolchain/10.2021.10/bin/../lib/gcc/arm-none-eabi/10.3.1/thumb/v6-m/nofp\libgcc.a(_dvmd_tls.o)

.debug_frame    0x00000000      0xb54
 .debug_frame   0x00000000      0x1a4 ./Library/StdDriver/src/clk.o
 .debug_frame   0x000001a4      0x148 ./Library/StdDriver/src/fmc.o
 .debug_frame   0x000002ec       0xf4 ./Library/StdDriver/src/retarget.o
 .debug_frame   0x000003e0       0xc8 ./Library/StdDriver/src/sys.o
 .debug_frame   0x000004a8      0x114 ./Library/StdDriver/src/usci_uart.o
 .debug_frame   0x000005bc       0x38 ./Library/Device/Nuvoton/NM1240/Source/system_NM1240.o
 .debug_frame   0x000005f4      0x10c ./I2C_KBS_LDROM/aprom_isp.o
 .debug_frame   0x00000700      0x1b0 ./I2C_KBS_LDROM/i2c_ctrl.o
 .debug_frame   0x000008b0      0x11c ./I2C_KBS_LDROM/main.o
 .debug_frame   0x000009cc       0x70 ./I2C_KBS_LDROM/prj_config.o
 .debug_frame   0x00000a3c       0xf8 ./I2C_KBS_LDROM/uart_ctrl.o
 .debug_frame   0x00000b34       0x20 c:/program files (x86)/gnu arm embedded toolchain/10.2021.10/bin/../lib/gcc/arm-none-eabi/10.3.1/thumb/v6-m/nofp\libgcc.a(_udivsi3.o)
